Component: ARM Compiler 5.06 update 3 (build 300) Tool: armlink [4d35c9]

==============================================================================

Section Cross References

    main.o(i.assert_nrf_callback) refers to app_error.o(i.app_error_handler) for app_error_handler
    main.o(i.ble_evt_dispatch) refers to ble_conn_params.o(i.ble_conn_params_on_ble_evt) for ble_conn_params_on_ble_evt
    main.o(i.ble_evt_dispatch) refers to ble_nus.o(i.ble_nus_on_ble_evt) for ble_nus_on_ble_evt
    main.o(i.ble_evt_dispatch) refers to main.o(i.on_ble_evt) for on_ble_evt
    main.o(i.ble_evt_dispatch) refers to ble_advertising.o(i.ble_advertising_on_ble_evt) for ble_advertising_on_ble_evt
    main.o(i.ble_evt_dispatch) refers to bsp_btn_ble.o(i.bsp_btn_ble_on_ble_evt) for bsp_btn_ble_on_ble_evt
    main.o(i.ble_evt_dispatch) refers to main.o(.bss) for .bss
    main.o(i.ble_stack_init) refers to softdevice_handler.o(i.softdevice_handler_init) for softdevice_handler_init
    main.o(i.ble_stack_init) refers to app_error.o(i.app_error_handler_bare) for app_error_handler_bare
    main.o(i.ble_stack_init) refers to softdevice_handler.o(i.softdevice_enable_get_default_config) for softdevice_enable_get_default_config
    main.o(i.ble_stack_init) refers to softdevice_handler.o(i.sd_check_ram_start) for sd_check_ram_start
    main.o(i.ble_stack_init) refers to softdevice_handler.o(i.softdevice_enable) for softdevice_enable
    main.o(i.ble_stack_init) refers to softdevice_handler.o(i.softdevice_ble_evt_handler_set) for softdevice_ble_evt_handler_set
    main.o(i.ble_stack_init) refers to main.o(.bss) for .bss
    main.o(i.ble_stack_init) refers to main.o(i.ble_evt_dispatch) for ble_evt_dispatch
    main.o(i.bsp_event_handler) refers to main.o(i.sleep_mode_enter) for sleep_mode_enter
    main.o(i.bsp_event_handler) refers to app_error.o(i.app_error_handler_bare) for app_error_handler_bare
    main.o(i.bsp_event_handler) refers to ble_advertising.o(i.ble_advertising_restart_without_whitelist) for ble_advertising_restart_without_whitelist
    main.o(i.bsp_event_handler) refers to main.o(.data) for .data
    main.o(i.conn_params_error_handler) refers to app_error.o(i.app_error_handler_bare) for app_error_handler_bare
    main.o(i.loop) refers to max30100_pulseoximeter.o(i.POupdate) for POupdate
    main.o(i.loop) refers to timer.o(i.millis) for millis
    main.o(i.loop) refers to mpu6050.o(i.MPU_Get_Temperature) for MPU_Get_Temperature
    main.o(i.loop) refers to f2d.o(.text) for __aeabi_f2d
    main.o(i.loop) refers to printfa.o(i.__0printf) for __2printf
    main.o(i.loop) refers to max30100_pulseoximeter.o(i.getHeartRate) for getHeartRate
    main.o(i.loop) refers to ble_nus.o(i.ble_nus_string_send) for ble_nus_string_send
    main.o(i.loop) refers to main.o(.data) for .data
    main.o(i.loop) refers to main.o(.bss) for .bss
    main.o(i.main) refers to app_timer.o(i.app_timer_init) for app_timer_init
    main.o(i.main) refers to app_error.o(i.app_error_handler_bare) for app_error_handler_bare
    main.o(i.main) refers to app_uart_fifo.o(i.app_uart_init) for app_uart_init
    main.o(i.main) refers to bsp.o(i.bsp_init) for bsp_init
    main.o(i.main) refers to bsp_btn_ble.o(i.bsp_btn_ble_init) for bsp_btn_ble_init
    main.o(i.main) refers to main.o(i.ble_stack_init) for ble_stack_init
    main.o(i.main) refers to ble_nus.o(i.ble_nus_init) for ble_nus_init
    main.o(i.main) refers to memseta.o(.text) for __aeabi_memclr4
    main.o(i.main) refers to ble_advertising.o(i.ble_advertising_init) for ble_advertising_init
    main.o(i.main) refers to ble_conn_params.o(i.ble_conn_params_init) for ble_conn_params_init
    main.o(i.main) refers to printfa.o(i.__0printf) for __2printf
    main.o(i.main) refers to ble_advertising.o(i.ble_advertising_start) for ble_advertising_start
    main.o(i.main) refers to mpu6050.o(i.MPU_Init) for MPU_Init
    main.o(i.main) refers to timer.o(i.timer_init) for timer_init
    main.o(i.main) refers to main.o(i.setup) for setup
    main.o(i.main) refers to mpu6050.o(i.MPU_Get_Accelerometer) for MPU_Get_Accelerometer
    main.o(i.main) refers to main.o(i.loop) for loop
    main.o(i.main) refers to main.o(.bss) for .bss
    main.o(i.main) refers to main.o(.constdata) for .constdata
    main.o(i.main) refers to main.o(i.uart_event_handle) for uart_event_handle
    main.o(i.main) refers to main.o(i.bsp_event_handler) for bsp_event_handler
    main.o(i.main) refers to main.o(i.nus_data_handler) for nus_data_handler
    main.o(i.main) refers to main.o(.data) for .data
    main.o(i.main) refers to main.o(i.on_adv_evt) for on_adv_evt
    main.o(i.main) refers to main.o(i.on_conn_params_evt) for on_conn_params_evt
    main.o(i.main) refers to main.o(i.conn_params_error_handler) for conn_params_error_handler
    main.o(i.nus_data_handler) refers to app_uart_fifo.o(i.app_uart_put) for app_uart_put
    main.o(i.on_adv_evt) refers to bsp.o(i.bsp_indication_set) for bsp_indication_set
[...]
    nrf_gpio_cfg_sense_set                   0x0001ffff   Thumb Code    28  nrf_drv_gpiote.o(i.nrf_gpio_cfg_sense_set)
    i.nrf_gpio_pin_clear                     0x0002001c   Section        0  mpuiic.o(i.nrf_gpio_pin_clear)
    nrf_gpio_pin_clear                       0x0002001d   Thumb Code    10  mpuiic.o(i.nrf_gpio_pin_clear)
    i.nrf_gpio_pin_clear                     0x0002002c   Section        0  maxiic.o(i.nrf_gpio_pin_clear)
    nrf_gpio_pin_clear                       0x0002002d   Thumb Code    10  maxiic.o(i.nrf_gpio_pin_clear)
    i.nrf_gpio_pin_set                       0x0002003c   Section        0  mpuiic.o(i.nrf_gpio_pin_set)
    nrf_gpio_pin_set                         0x0002003d   Thumb Code    10  mpuiic.o(i.nrf_gpio_pin_set)
    i.nrf_gpio_pin_set                       0x0002004c   Section        0  maxiic.o(i.nrf_gpio_pin_set)
    nrf_gpio_pin_set                         0x0002004d   Thumb Code    10  maxiic.o(i.nrf_gpio_pin_set)
    i.nrf_gpiote_event_clear                 0x0002005c   Section        0  nrf_drv_gpiote.o(i.nrf_gpiote_event_clear)
    nrf_gpiote_event_clear                   0x0002005d   Thumb Code    16  nrf_drv_gpiote.o(i.nrf_gpiote_event_clear)
    i.nrf_gpiote_event_is_set                0x00020070   Section        0  nrf_drv_gpiote.o(i.nrf_gpiote_event_is_set)
    nrf_gpiote_event_is_set                  0x00020071   Thumb Code    12  nrf_drv_gpiote.o(i.nrf_gpiote_event_is_set)
    i.nrf_uart_event_check                   0x00020080   Section        0  nrf_drv_uart.o(i.nrf_uart_event_check)
    nrf_uart_event_check                     0x00020081   Thumb Code    10  nrf_drv_uart.o(i.nrf_uart_event_check)
    i.nrf_uart_int_enable_check              0x0002008a   Section        0  nrf_drv_uart.o(i.nrf_uart_int_enable_check)
    nrf_uart_int_enable_check                0x0002008b   Thumb Code    12  nrf_drv_uart.o(i.nrf_uart_int_enable_check)
    i.nrf_uarte_event_check                  0x00020096   Section        0  nrf_drv_uart.o(i.nrf_uarte_event_check)
    nrf_uarte_event_check                    0x00020097   Thumb Code    10  nrf_drv_uart.o(i.nrf_uarte_event_check)
    i.nus_data_handler                       0x000200a0   Section        0  main.o(i.nus_data_handler)
    nus_data_handler                         0x000200a1   Thumb Code    38  main.o(i.nus_data_handler)
    i.on_adv_evt                             0x000200c6   Section        0  main.o(i.on_adv_evt)
    on_adv_evt                               0x000200c7   Thumb Code    36  main.o(i.on_adv_evt)
    i.on_ble_evt                             0x000200ec   Section        0  main.o(i.on_ble_evt)
    on_ble_evt                               0x000200ed   Thumb Code    94  main.o(i.on_ble_evt)
    i.on_conn_params_evt                     0x00020150   Section        0  main.o(i.on_conn_params_evt)
    on_conn_params_evt                       0x00020151   Thumb Code    24  main.o(i.on_conn_params_evt)
    i.peer_address_exists                    0x0002016c   Section        0  ble_advertising.o(i.peer_address_exists)
    peer_address_exists                      0x0002016d   Thumb Code    20  ble_advertising.o(i.peer_address_exists)
    i.pin_in_use_by_port                     0x00020180   Section        0  nrf_drv_gpiote.o(i.pin_in_use_by_port)
    pin_in_use_by_port                       0x00020181   Thumb Code    20  nrf_drv_gpiote.o(i.pin_in_use_by_port)
    i.pin_in_use_by_te                       0x00020198   Section        0  nrf_drv_gpiote.o(i.pin_in_use_by_te)
    pin_in_use_by_te                         0x00020199   Thumb Code    20  nrf_drv_gpiote.o(i.pin_in_use_by_te)
    i.pstorage_access_status_get             0x000201b0   Section        0  pstorage.o(i.pstorage_access_status_get)
    i.readFifoData                           0x000201d4   Section        0  max30100.o(i.readFifoData)
    i.reset                                  0x000201f8   Section        0  max30100_spo2calculator.o(i.reset)
    i.rtc1_stop                              0x00020218   Section        0  app_timer.o(i.rtc1_stop)
    rtc1_stop                                0x00020219   Thumb Code    52  app_timer.o(i.rtc1_stop)
    i.rx_byte                                0x00020254   Section        0  nrf_drv_uart.o(i.rx_byte)
    rx_byte                                  0x00020255   Thumb Code    38  nrf_drv_uart.o(i.rx_byte)
    i.rx_char_add                            0x00020284   Section        0  ble_nus.o(i.rx_char_add)
    rx_char_add                              0x00020285   Thumb Code   220  ble_nus.o(i.rx_char_add)
    i.rx_done_event                          0x00020360   Section        0  nrf_drv_uart.o(i.rx_done_event)
    rx_done_event                            0x00020361   Thumb Code    26  nrf_drv_uart.o(i.rx_done_event)
    i.rx_enable                              0x00020380   Section        0  nrf_drv_uart.o(i.rx_enable)
    rx_enable                                0x00020381   Thumb Code    18  nrf_drv_uart.o(i.rx_enable)
    i.sd_check_ram_start                     0x00020398   Section        0  softdevice_handler.o(i.sd_check_ram_start)
    i.service_data_encode                    0x000203a8   Section        0  ble_advdata.o(i.service_data_encode)
    service_data_encode                      0x000203a9   Thumb Code   136  ble_advdata.o(i.service_data_encode)
    i.setHighresModeEnabled                  0x00020430   Section        0  max30100.o(i.setHighresModeEnabled)
    i.setLedsCurrent                         0x00020450   Section        0  max30100.o(i.setLedsCurrent)
    i.setLedsPulseWidth                      0x0002045c   Section        0  max30100.o(i.setLedsPulseWidth)
    i.setMode                                0x00020476   Section        0  max30100.o(i.setMode)
    i.setOnBeatDetectedCallback              0x00020480   Section        0  max30100_pulseoximeter.o(i.setOnBeatDetectedCallback)
    i.setSamplingRate                        0x00020490   Section        0  max30100.o(i.setSamplingRate)
    i.setup                                  0x000204b0   Section        0  main.o(i.setup)
    i.sleep_mode_enter                       0x000204dc   Section        0  main.o(i.sleep_mode_enter)
    sleep_mode_enter                         0x000204dd   Thumb Code    40  main.o(i.sleep_mode_enter)
    i.softdevice_ble_evt_handler_set         0x00020504   Section        0  softdevice_handler.o(i.softdevice_ble_evt_handler_set)
    i.softdevice_enable                      0x00020518   Section        0  softdevice_handler.o(i.softdevice_enable)
    i.softdevice_enable_get_default_config   0x0002052c   Section        0  softdevice_handler.o(i.softdevice_enable_get_default_config)
    i.softdevice_fault_handler               0x00020552   Section        0  softdevice_handler.o(i.softdevice_fault_handler)
    i.softdevice_handler_init                0x00020558   Section        0  softdevice_handler.o(i.softdevice_handler_init)
    i.step                                   0x00020588   Section        0  max30100_filters.o(i.step)
    i.timer_init                             0x000205a0   Section        0  timer.o(i.timer_init)
    i.timer_list_handler                     0x000205f0   Section        0  app_timer.o(i.timer_list_handler)
    timer_list_handler                       0x000205f1   Thumb Code   134  app_timer.o(i.timer_list_handler)
    i.timer_list_insert                      0x0002067c   Section        0  app_timer.o(i.timer_list_insert)
    timer_list_insert                        0x0002067d   Thumb Code    56  app_timer.o(i.timer_list_insert)
    i.timer_timeouts_check                   0x000206b8   Section        0  app_timer.o(i.timer_timeouts_check)
    timer_timeouts_check                     0x000206b9   Thumb Code   124  app_timer.o(i.timer_timeouts_check)
    i.tx_byte                                0x0002073c   Section        0  nrf_drv_uart.o(i.tx_byte)
    tx_byte                                  0x0002073d   Thumb Code    28  nrf_drv_uart.o(i.tx_byte)
    i.tx_char_add                            0x00020760   Section        0  ble_nus.o(i.tx_char_add)
    tx_char_add                              0x00020761   Thumb Code   160  ble_nus.o(i.tx_char_add)
    i.tx_done_event                          0x00020800   Section        0  nrf_drv_uart.o(i.tx_done_event)
    tx_done_event                            0x00020801   Thumb Code    30  nrf_drv_uart.o(i.tx_done_event)
    i.uart_event_handle                      0x00020824   Section        0  main.o(i.uart_event_handle)
    i.uart_event_handler                     0x00020880   Section        0  app_uart_fifo.o(i.uart_event_handler)
    uart_event_handler                       0x00020881   Thumb Code   160  app_uart_fifo.o(i.uart_event_handler)
    i.uart_irq_handler                       0x00020928   Section        0  nrf_drv_uart.o(i.uart_irq_handler)
    uart_irq_handler                         0x00020929   Thumb Code   254  nrf_drv_uart.o(i.uart_irq_handler)
    i.uarte_irq_handler                      0x00020a30   Section        0  nrf_drv_uart.o(i.uarte_irq_handler)
    uarte_irq_handler                        0x00020a31   Thumb Code   206  nrf_drv_uart.o(i.uarte_irq_handler)
    i.uint16_encode                          0x00020b08   Section        0  ble_advdata.o(i.uint16_encode)
    uint16_encode                            0x00020b09   Thumb Code    10  ble_advdata.o(i.uint16_encode)
    i.update                                 0x00020b12   Section        0  max30100.o(i.update)
    i.update_timeout_handler                 0x00020b18   Section        0  ble_conn_params.o(i.update_timeout_handler)
    update_timeout_handler                   0x00020b19   Thumb Code    88  ble_conn_params.o(i.update_timeout_handler)
    i.user_id_get                            0x00020b78   Section        0  app_timer.o(i.user_id_get)
    user_id_get                              0x00020b79   Thumb Code    62  app_timer.o(i.user_id_get)
    i.user_op_alloc                          0x00020bbc   Section        0  app_timer.o(i.user_op_alloc)
    user_op_alloc                            0x00020bbd   Thumb Code    40  app_timer.o(i.user_op_alloc)
    i.uuid_list_encode                       0x00020be4   Section        0  ble_advdata.o(i.uuid_list_encode)
    uuid_list_encode                         0x00020be5   Thumb Code    48  ble_advdata.o(i.uuid_list_encode)
    i.uuid_list_sized_encode                 0x00020c14   Section        0  ble_advdata.o(i.uuid_list_sized_encode)
    uuid_list_sized_encode                   0x00020c15   Thumb Code   158  ble_advdata.o(i.uuid_list_sized_encode)
    i.whitelist_has_entries                  0x00020cb2   Section        0  ble_advertising.o(i.whitelist_has_entries)
    whitelist_has_entries                    0x00020cb3   Thumb Code    14  ble_advertising.o(i.whitelist_has_entries)
    .constdata                               0x00020cc0   Section       12  main.o(.constdata)
    .constdata                               0x00020ccc   Section       60  bsp.o(.constdata)
    m_leds_timer_id                          0x00020ccc   Data           4  bsp.o(.constdata)
    m_alert_timer_id                         0x00020cd0   Data           4  bsp.o(.constdata)
    m_button_timer_id                        0x00020cd4   Data           4  bsp.o(.constdata)
    m_buttons_list                           0x00020cd8   Data          16  bsp.o(.constdata)
    app_buttons                              0x00020ce8   Data          32  bsp.o(.constdata)
    .constdata                               0x00020d08   Section        4  ble_conn_params.o(.constdata)
    m_conn_params_timer_id                   0x00020d08   Data           4  ble_conn_params.o(.constdata)
    .constdata                               0x00020d0c   Section       16  ble_nus.o(.constdata)
    .constdata                               0x00020d1c   Section       32  app_uart_fifo.o(.constdata)
    .constdata                               0x00020d3c   Section       32  nrf_drv_uart.o(.constdata)
    m_default_config                         0x00020d3c   Data          32  nrf_drv_uart.o(.constdata)
    .constdata                               0x00020d5c   Section        8  app_button.o(.constdata)
    m_detection_delay_timer_id               0x00020d5c   Data           4  app_button.o(.constdata)
    .constdata                               0x00020d68   Section       56  log.o(.constdata)
    Lg2                                      0x00020d68   Data          24  log.o(.constdata)
    Lg                                       0x00020d80   Data          32  log.o(.constdata)
    .constdata                               0x00020da0   Section        8  qnan.o(.constdata)
    .data                                    0x20001f00   Section       30  main.o(.data)
    index                                    0x20001f01   Data           1  main.o(.data)
    m_conn_handle                            0x20001f02   Data           2  main.o(.data)
    m_adv_uuids                              0x20001f04   Data           4  main.o(.data)
    .data                                    0x20001f20   Section       24  bsp.o(.data)
    m_stable_state                           0x20001f20   Data           1  bsp.o(.data)
    current_long_push_pin_no                 0x20001f21   Data           1  bsp.o(.data)
    m_app_ticks_per_100ms                    0x20001f24   Data           4  bsp.o(.data)
    m_indication_type                        0x20001f28   Data           4  bsp.o(.data)
    m_alert_mask                             0x20001f2c   Data           4  bsp.o(.data)
    m_registered_callback                    0x20001f30   Data           4  bsp.o(.data)
    release_event_at_push                    0x20001f34   Data           4  bsp.o(.data)
    .data                                    0x20001f38   Section        8  bsp_btn_ble.o(.data)
    m_error_handler                          0x20001f38   Data           4  bsp_btn_ble.o(.data)
    m_num_connections                        0x20001f3c   Data           4  bsp_btn_ble.o(.data)
    .data                                    0x20001f40   Section        4  system_nrf52.o(.data)
    __tagsym$$used                           0x20001f40   Number         0  system_nrf52.o(.data)
    .data                                    0x20001f44   Section       31  ble_advertising.o(.data)
    m_advertising_start_pending              0x20001f44   Data           1  ble_advertising.o(.data)
    m_whitelist_temporarily_disabled         0x20001f45   Data           1  ble_advertising.o(.data)
    m_whitelist_reply_expected               0x20001f46   Data           1  ble_advertising.o(.data)
    m_peer_addr_reply_expected               0x20001f47   Data           1  ble_advertising.o(.data)
    m_adv_evt                                0x20001f48   Data           1  ble_advertising.o(.data)
    m_adv_mode_current                       0x20001f49   Data           1  ble_advertising.o(.data)
    m_tx_power_level                         0x20001f4a   Data           1  ble_advertising.o(.data)
    current_slave_link_conn_handle           0x20001f4c   Data           2  ble_advertising.o(.data)
    m_evt_handler                            0x20001f50   Data           4  ble_advertising.o(.data)
    m_error_handler                          0x20001f54   Data           4  ble_advertising.o(.data)
    m_slave_conn_int                         0x20001f58   Data           4  ble_advertising.o(.data)
    m_peer_address                           0x20001f5c   Data           7  ble_advertising.o(.data)
    .data                                    0x20001f64   Section       20  ble_conn_params.o(.data)
    m_change_param                           0x20001f64   Data           1  ble_conn_params.o(.data)
    m_update_count                           0x20001f65   Data           1  ble_conn_params.o(.data)
    m_conn_handle                            0x20001f66   Data           2  ble_conn_params.o(.data)
    m_preferred_conn_params                  0x20001f68   Data           8  ble_conn_params.o(.data)
    m_current_conn_params                    0x20001f70   Data           8  ble_conn_params.o(.data)
    .data                                    0x20001f78   Section        8  app_uart_fifo.o(.data)
    tx_buffer                                0x20001f78   Data           1  app_uart_fifo.o(.data)
    tx_tmp                                   0x20001f79   Data           1  app_uart_fifo.o(.data)
    rx_buffer                                0x20001f7a   Data           1  app_uart_fifo.o(.data)
    m_event_handler                          0x20001f7c   Data           4  app_uart_fifo.o(.data)
    .data                                    0x20001f80   Section       36  pstorage.o(.data)
    m_state                                  0x20001f80   Data           1  pstorage.o(.data)
    m_swap_sub_state                         0x20001f81   Data           1  pstorage.o(.data)
    m_next_app_instance                      0x20001f82   Data           2  pstorage.o(.data)
    m_flags                                  0x20001f84   Data           4  pstorage.o(.data)
    m_next_page_addr                         0x20001f88   Data           4  pstorage.o(.data)
    m_head_word_size                         0x20001f8c   Data           4  pstorage.o(.data)
    m_tail_word_size                         0x20001f90   Data           4  pstorage.o(.data)
    m_current_page_id                        0x20001f94   Data           4  pstorage.o(.data)
    m_num_of_command_retries                 0x20001f98   Data           4  pstorage.o(.data)
    m_num_of_bytes_written                   0x20001f9c   Data           4  pstorage.o(.data)
    m_app_data_size                          0x20001fa0   Data           4  pstorage.o(.data)
    .data                                    0x20001fa4   Section       20  app_button.o(.data)
    m_button_count                           0x20001fa4   Data           1  app_button.o(.data)
    mp_buttons                               0x20001fa8   Data           4  app_button.o(.data)
    m_detection_delay                        0x20001fac   Data           4  app_button.o(.data)
    m_pin_state                              0x20001fb0   Data           4  app_button.o(.data)
    m_pin_transition                         0x20001fb4   Data           4  app_button.o(.data)
    .data                                    0x20001fb8   Section       32  app_timer.o(.data)
    m_user_array_size                        0x20001fb8   Data           1  app_timer.o(.data)
    m_ticks_elapsed_q_read_ind               0x20001fb9   Data           1  app_timer.o(.data)
    m_ticks_elapsed_q_write_ind              0x20001fba   Data           1  app_timer.o(.data)
    m_rtc1_running                           0x20001fbb   Data           1  app_timer.o(.data)
    m_rtc1_reset                             0x20001fbc   Data           1  app_timer.o(.data)
    mp_users                                 0x20001fc0   Data           4  app_timer.o(.data)
    mp_timer_id_head                         0x20001fc4   Data           4  app_timer.o(.data)
    m_ticks_latest                           0x20001fc8   Data           4  app_timer.o(.data)
    m_evt_schedule_func                      0x20001fcc   Data           4  app_timer.o(.data)
    m_ticks_elapsed                          0x20001fd0   Data           8  app_timer.o(.data)
    .data                                    0x20001fd8   Section        4  retarget.o(.data)
    .data                                    0x20001fdc   Section       20  softdevice_handler.o(.data)
    m_softdevice_enabled                     0x20001fdc   Data           1  softdevice_handler.o(.data)
    m_ble_evt_buffer_size                    0x20001fde   Data           2  softdevice_handler.o(.data)
    m_evt_schedule_func                      0x20001fe0   Data           4  softdevice_handler.o(.data)
    mp_ble_evt_buffer                        0x20001fe4   Data           4  softdevice_handler.o(.data)
    m_ble_evt_handler                        0x20001fe8   Data           4  softdevice_handler.o(.data)
    m_sys_evt_handler                        0x20001fec   Data           4  softdevice_handler.o(.data)
    .data                                    0x20001ff0   Section        4  max30100.o(.data)
    .data                                    0x20001ff4   Section       20  max30100_beatdetector.o(.data)
    .data                                    0x20002008   Section        8  max30100_filters.o(.data)
    .data                                    0x20002010   Section       44  max30100_pulseoximeter.o(.data)
    .data                                    0x2000203c   Section       59  max30100_spo2calculator.o(.data)
    .data                                    0x20002078   Section        4  timer.o(.data)
    .data                                    0x2000207c   Section        4  errno.o(.data)
    _errno                                   0x2000207c   Data           4  errno.o(.data)
    .bss                                     0x20002080   Section     1098  main.o(.bss)
    BLE_EVT_BUFFER                           0x20002080   Data          72  main.o(.bss)
    data_array                               0x200020c8   Data          20  main.o(.bss)
    rx_buf                                   0x200020dc   Data         256  main.o(.bss)
    tx_buf                                   0x200021dc   Data         256  main.o(.bss)
    APP_TIMER_BUF                            0x200022dc   Data         456  main.o(.bss)
    m_nus                                    0x200024a4   Data          28  main.o(.bss)
    .bss                                     0x200024cc   Section       32  bsp.o(.bss)
    m_leds_timer_id_data                     0x200024cc   Data          32  bsp.o(.bss)
    .bss                                     0x200024ec   Section       32  bsp.o(.bss)
    m_alert_timer_id_data                    0x200024ec   Data          32  bsp.o(.bss)
    .bss                                     0x2000250c   Section       12  bsp.o(.bss)
    m_events_list                            0x2000250c   Data          12  bsp.o(.bss)
    .bss                                     0x20002518   Section       32  bsp.o(.bss)
    m_button_timer_id_data                   0x20002518   Data          32  bsp.o(.bss)
    .bss                                     0x20002538   Section      259  ble_advertising.o(.bss)
    m_advdata                                0x20002538   Data          56  ble_advertising.o(.bss)
    m_adv_modes_config                       0x20002570   Data          36  ble_advertising.o(.bss)
    m_whitelist                              0x20002594   Data          16  ble_advertising.o(.bss)
    mp_whitelist_addr                        0x200025a4   Data          32  ble_advertising.o(.bss)
    mp_whitelist_irk                         0x200025c4   Data          32  ble_advertising.o(.bss)
    m_manuf_specific_data                    0x200025e4   Data          12  ble_advertising.o(.bss)
    m_manuf_data_array                       0x200025f0   Data          31  ble_advertising.o(.bss)
    m_service_data                           0x20002610   Data          12  ble_advertising.o(.bss)
    m_service_data_array                     0x2000261c   Data          31  ble_advertising.o(.bss)
    .bss                                     0x2000263c   Section       32  ble_conn_params.o(.bss)
    m_conn_params_timer_id_data              0x2000263c   Data          32  ble_conn_params.o(.bss)
    .bss                                     0x2000265c   Section       28  ble_conn_params.o(.bss)
    m_conn_params_config                     0x2000265c   Data          28  ble_conn_params.o(.bss)
    .bss                                     0x20002678   Section       32  app_uart_fifo.o(.bss)
    m_rx_fifo                                0x20002678   Data          16  app_uart_fifo.o(.bss)
    m_tx_fifo                                0x20002688   Data          16  app_uart_fifo.o(.bss)
    .bss                                     0x20002698   Section       88  nrf_drv_gpiote.o(.bss)
    m_cb                                     0x20002698   Data          88  nrf_drv_gpiote.o(.bss)
    .bss                                     0x200026f0   Section       32  nrf_drv_uart.o(.bss)
    m_cb                                     0x200026f0   Data          32  nrf_drv_uart.o(.bss)
    .bss                                     0x20002710   Section      216  pstorage.o(.bss)
    m_cmd_queue                              0x20002710   Data         204  pstorage.o(.bss)
    m_app_table                              0x200027dc   Data          12  pstorage.o(.bss)
    .bss                                     0x200027e8   Section       32  app_button.o(.bss)
    m_detection_delay_timer_id_data          0x200027e8   Data          32  app_button.o(.bss)
    STACK                                    0x20002808   Section     8192  arm_startup_nrf52.o(STACK)

    Global Symbols

    Symbol Name                              Value     Ov Type        Size  Object(Section)

    BuildAttributes$$THM_ISAv4$E$P$D$K$B$S$7EM$VFPi3$EXTD16$VFPS$VFMA$PE$A:L22UL41UL21$X:L11$S22US41US21$IEEE1$IW$USESV6$~STKCKD$USESV7$~SHL$OTIME$ROPI$IEEEX$EBA8$MICROLIB$REQ8$PRES8$EABIv2 0x00000000   Number         0  anon$$obj.o ABSOLUTE
    __ARM_use_no_argv                        0x00000000   Number         0  main.o ABSOLUTE
    _printf_a                                0x00000000   Number         0  stubs.o ABSOLUTE
    _printf_c                                0x00000000   Number         0  stubs.o ABSOLUTE
    _printf_charcount                        0x00000000   Number         0  stubs.o ABSOLUTE
    _printf_d                                0x00000000   Number         0  stubs.o ABSOLUTE
    _printf_e                                0x00000000   Number         0  stubs.o ABSOLUTE
    _printf_f                                0x00000000   Number         0  stubs.o ABSOLUTE
    _printf_flags                            0x00000000   Number         0  stubs.o ABSOLUTE
    _printf_fp_dec                           0x00000000   Number         0  stubs.o ABSOLUTE
    _printf_fp_hex                           0x00000000   Number         0  stubs.o ABSOLUTE
    _printf_g                                0x00000000   Number         0  stubs.o ABSOLUTE
    _printf_i                                0x00000000   Number         0  stubs.o ABSOLUTE
    _printf_int_dec                          0x00000000   Number         0  stubs.o ABSOLUTE
    _printf_l                                0x00000000   Number         0  stubs.o ABSOLUTE
    _printf_lc                               0x00000000   Number         0  stubs.o ABSOLUTE
    _printf_ll                               0x00000000   Number         0  stubs.o ABSOLUTE
    _printf_lld                              0x00000000   Number         0  stubs.o ABSOLUTE
    _printf_lli                              0x00000000   Number         0  stubs.o ABSOLUTE
    _printf_llo                              0x00000000   Number         0  stubs.o ABSOLUTE
    _printf_llu                              0x00000000   Number         0  stubs.o ABSOLUTE
    _printf_llx                              0x00000000   Number         0  stubs.o ABSOLUTE
    _printf_longlong_dec                     0x00000000   Number         0  stubs.o ABSOLUTE
    _printf_longlong_hex                     0x00000000   Number         0  stubs.o ABSOLUTE
    _printf_longlong_oct                     0x00000000   Number         0  stubs.o ABSOLUTE
    _printf_ls                               0x00000000   Number         0  stubs.o ABSOLUTE
    _printf_mbtowc                           0x00000000   Number         0  stubs.o ABSOLUTE
    _printf_n                                0x00000000   Number         0  stubs.o ABSOLUTE
    _printf_o                                0x00000000   Number         0  stubs.o ABSOLUTE
    _printf_p                                0x00000000   Number         0  stubs.o ABSOLUTE
    _printf_percent                          0x00000000   Number         0  stubs.o ABSOLUTE
    _printf_pre_padding                      0x00000000   Number         0  stubs.o ABSOLUTE
    _printf_return_value                     0x00000000   Number         0  stubs.o ABSOLUTE
    _printf_s                                0x00000000   Number         0  stubs.o ABSOLUTE
    _printf_sizespec                         0x00000000   Number         0  stubs.o ABSOLUTE
    _printf_str                              0x00000000   Number         0  stubs.o ABSOLUTE
    _printf_truncate_signed                  0x00000000   Number         0  stubs.o ABSOLUTE
    _printf_truncate_unsigned                0x00000000   Number         0  stubs.o ABSOLUTE
    _printf_u                                0x00000000   Number         0  stubs.o ABSOLUTE
    _printf_wc                               0x00000000   Number         0  stubs.o ABSOLUTE
    _printf_wctomb                           0x00000000   Number         0  stubs.o ABSOLUTE
    _printf_widthprec                        0x00000000   Number         0  stubs.o ABSOLUTE
    _printf_x                                0x00000000   Number         0  stubs.o ABSOLUTE
    __cpp_initialize__aeabi_                  - Undefined Weak Reference
    __cxa_finalize                            - Undefined Weak Reference
    _clock_init                               - Undefined Weak Reference
    _microlib_exit                            - Undefined Weak Reference
    __Vectors_Size                           0x00000400   Number         0  arm_startup_nrf52.o ABSOLUTE
    __Vectors                                0x0001b000   Data           4  arm_startup_nrf52.o(RESET)
    __Vectors_End                            0x0001b400   Data           0  arm_startup_nrf52.o(RESET)
    __main                                   0x0001b401   Thumb Code     0  entry.o(.ARM.Collect$$$$00000000)
    _main_stk                                0x0001b401   Thumb Code     0  entry2.o(.ARM.Collect$$$$00000001)
    _main_scatterload                        0x0001b405   Thumb Code     0  entry5.o(.ARM.Collect$$$$00000004)
    __main_after_scatterload                 0x0001b409   Thumb Code     0  entry5.o(.ARM.Collect$$$$00000004)
    _main_clock                              0x0001b409   Thumb Code     0  entry7b.o(.ARM.Collect$$$$00000008)
    _main_cpp_init                           0x0001b409   Thumb Code     0  entry8b.o(.ARM.Collect$$$$0000000A)
    _main_init                               0x0001b409   Thumb Code     0  entry9a.o(.ARM.Collect$$$$0000000B)
    __rt_final_cpp                           0x0001b411   Thumb Code     0  entry10a.o(.ARM.Collect$$$$0000000D)
    __rt_final_exit                          0x0001b411   Thumb Code     0  entry11a.o(.ARM.Collect$$$$0000000F)
    __asm___11_nrf_delay_c_532987f3__nrf_delay_us 0x0001b415   Thumb Code   118  nrf_delay.o(.emb_text)
    __asm___11_app_timer_c_cd27f9c3__nrf_delay_us 0x0001b48d   Thumb Code   118  app_timer.o(.emb_text)
    __asm___8_mpuiic_c_8c189521__nrf_delay_us 0x0001b505   Thumb Code   118  mpuiic.o(.emb_text)
    __asm___8_maxiic_c_169e059a__nrf_delay_us 0x0001b57d   Thumb Code   118  maxiic.o(.emb_text)
    Reset_Handler                            0x0001b5f5   Thumb Code     8  arm_startup_nrf52.o(.text)
    NMI_Handler                              0x0001b5fd   Thumb Code     2  arm_startup_nrf52.o(.text)
    HardFault_Handler                        0x0001b5ff   Thumb Code     2  arm_startup_nrf52.o(.text)
    MemoryManagement_Handler                 0x0001b601   Thumb Code     2  arm_startup_nrf52.o(.text)
    BusFault_Handler                         0x0001b603   Thumb Code     2  arm_startup_nrf52.o(.text)
    UsageFault_Handler                       0x0001b605   Thumb Code     2  arm_startup_nrf52.o(.text)
    SVC_Handler                              0x0001b607   Thumb Code     2  arm_startup_nrf52.o(.text)
    PendSV_Handler                           0x0001b609   Thumb Code     2  arm_startup_nrf52.o(.text)
    SysTick_Handler                          0x0001b60b   Thumb Code     2  arm_startup_nrf52.o(.text)
    CCM_AAR_IRQHandler                       0x0001b60d   Thumb Code     0  arm_startup_nrf52.o(.text)
    COMP_LPCOMP_IRQHandler                   0x0001b60d   Thumb Code     0  arm_startup_nrf52.o(.text)
    ECB_IRQHandler                           0x0001b60d   Thumb Code     0  arm_startup_nrf52.o(.text)
    I2S_IRQHandler                           0x0001b60d   Thumb Code     0  arm_startup_nrf52.o(.text)
    MWU_IRQHandler                           0x0001b60d   Thumb Code     0  arm_startup_nrf52.o(.text)
    NFCT_IRQHandler                          0x0001b60d   Thumb Code     0  arm_startup_nrf52.o(.text)
    PDM_IRQHandler                           0x0001b60d   Thumb Code     0  arm_startup_nrf52.o(.text)
    POWER_CLOCK_IRQHandler                   0x0001b60d   Thumb Code     0  arm_startup_nrf52.o(.text)
    PWM0_IRQHandler                          0x0001b60d   Thumb Code     0  arm_startup_nrf52.o(.text)
    PWM1_IRQHandler                          0x0001b60d   Thumb Code     0  arm_startup_nrf52.o(.text)
    PWM2_IRQHandler                          0x0001b60d   Thumb Code     0  arm_startup_nrf52.o(.text)
    QDEC_IRQHandler                          0x0001b60d   Thumb Code     0  arm_startup_nrf52.o(.text)
    RADIO_IRQHandler                         0x0001b60d   Thumb Code     0  arm_startup_nrf52.o(.text)
    RNG_IRQHandler                           0x0001b60d   Thumb Code     0  arm_startup_nrf52.o(.text)
    RTC0_IRQHandler                          0x0001b60d   Thumb Code     0  arm_startup_nrf52.o(.text)
    RTC2_IRQHandler                          0x0001b60d   Thumb Code     0  arm_startup_nrf52.o(.text)
    SAADC_IRQHandler                         0x0001b60d   Thumb Code     0  arm_startup_nrf52.o(.text)
    SPIM0_SPIS0_TWIM0_TWIS0_SPI0_TWI0_IRQHandler 0x0001b60d   Thumb Code     0  arm_startup_nrf52.o(.text)
    SPIM1_SPIS1_TWIM1_TWIS1_SPI1_TWI1_IRQHandler 0x0001b60d   Thumb Code     0  arm_startup_nrf52.o(.text)
    SPIM2_SPIS2_SPI2_IRQHandler              0x0001b60d   Thumb Code     0  arm_startup_nrf52.o(.text)
    SWI1_EGU1_IRQHandler                     0x0001b60d   Thumb Code     0  arm_startup_nrf52.o(.text)
    SWI3_EGU3_IRQHandler                     0x0001b60d   Thumb Code     0  arm_startup_nrf52.o(.text)
    SWI4_EGU4_IRQHandler                     0x0001b60d   Thumb Code     0  arm_startup_nrf52.o(.text)
    SWI5_EGU5_IRQHandler                     0x0001b60d   Thumb Code     0  arm_startup_nrf52.o(.text)
    TEMP_IRQHandler                          0x0001b60d   Thumb Code     0  arm_startup_nrf52.o(.text)
    TIMER0_IRQHandler                        0x0001b60d   Thumb Code     0  arm_startup_nrf52.o(.text)
    TIMER1_IRQHandler                        0x0001b60d   Thumb Code     0  arm_startup_nrf52.o(.text)
    TIMER3_IRQHandler                        0x0001b60d   Thumb Code     0  arm_startup_nrf52.o(.text)
    TIMER4_IRQHandler                        0x0001b60d   Thumb Code     0  arm_startup_nrf52.o(.text)
    WDT_IRQHandler                           0x0001b60d   Thumb Code     0  arm_startup_nrf52.o(.text)
    __aeabi_memcpy                           0x0001b619   Thumb Code    36  memcpya.o(.text)
    __aeabi_memcpy4                          0x0001b619   Thumb Code     0  memcpya.o(.text)
    __aeabi_memcpy8                          0x0001b619   Thumb Code     0  memcpya.o(.text)
    __aeabi_memset                           0x0001b63d   Thumb Code    14  memseta.o(.text)
    __aeabi_memset4                          0x0001b63d   Thumb Code     0  memseta.o(.text)
    __aeabi_memset8                          0x0001b63d   Thumb Code     0  memseta.o(.text)
    __aeabi_memclr                           0x0001b64b   Thumb Code     4  memseta.o(.text)
    __aeabi_memclr4                          0x0001b64b   Thumb Code     0  memseta.o(.text)
    __aeabi_memclr8                          0x0001b64b   Thumb Code     0  memseta.o(.text)
    _memset$wrapper                          0x0001b64f   Thumb Code    18  memseta.o(.text)
    __aeabi_dadd                             0x0001b661   Thumb Code   322  dadd.o(.text)
    __aeabi_dsub                             0x0001b7a3   Thumb Code     6  dadd.o(.text)
    __aeabi_drsub                            0x0001b7a9   Thumb Code     6  dadd.o(.text)
    __aeabi_dmul                             0x0001b7af   Thumb Code   228  dmul.o(.text)
    __aeabi_ddiv                             0x0001b893   Thumb Code   222  ddiv.o(.text)
    __aeabi_i2d                              0x0001b971   Thumb Code    34  dflti.o(.text)
    __aeabi_f2d                              0x0001b993   Thumb Code    38  f2d.o(.text)
    __aeabi_d2f                              0x0001b9b9   Thumb Code    56  d2f.o(.text)
    __aeabi_uidiv                            0x0001b9f1   Thumb Code     0  uidiv.o(.text)
    __aeabi_uidivmod                         0x0001b9f1   Thumb Code    44  uidiv.o(.text)
    __aeabi_uldivmod                         0x0001ba1d   Thumb Code    98  uldiv.o(.text)
    __aeabi_llsl                             0x0001ba7f   Thumb Code    30  llshl.o(.text)
    _ll_shift_l                              0x0001ba7f   Thumb Code     0  llshl.o(.text)
    __aeabi_lasr                             0x0001ba9d   Thumb Code    36  llsshr.o(.text)
    _ll_sshift_r                             0x0001ba9d   Thumb Code     0  llsshr.o(.text)
    __I$use$fp                               0x0001bac1   Thumb Code     0  iusefp.o(.text)
    _float_round                             0x0001bac1   Thumb Code    18  fepilogue.o(.text)
    _float_epilogue                          0x0001bad3   Thumb Code    92  fepilogue.o(.text)
    _double_round                            0x0001bb2f   Thumb Code    30  depilogue.o(.text)
    _double_epilogue                         0x0001bb4d   Thumb Code   156  depilogue.o(.text)
    __aeabi_d2ulz                            0x0001bbe9   Thumb Code    48  dfixul.o(.text)
    __aeabi_cdcmpeq                          0x0001bc19   Thumb Code     0  cdcmple.o(.text)
    __aeabi_cdcmple                          0x0001bc19   Thumb Code    48  cdcmple.o(.text)
    __aeabi_cdrcmple                         0x0001bc49   Thumb Code    48  cdrcmple.o(.text)
    __scatterload                            0x0001bc79   Thumb Code    28  init.o(.text)
    __scatterload_rt2                        0x0001bc79   Thumb Code     0  init.o(.text)
    __aeabi_llsr                             0x0001bc9d   Thumb Code    32  llushr.o(.text)
    _ll_ushift_r                             0x0001bc9d   Thumb Code     0  llushr.o(.text)
    __decompress                             0x0001bcbd   Thumb Code     0  __dczerorl2.o(.text)
    __decompress1                            0x0001bcbd   Thumb Code    86  __dczerorl2.o(.text)
    Buff_Read                                0x0001bd13   Thumb Code    42  max30100.o(i.Buff_Read)
    DCRemover1                               0x0001bd3d   Thumb Code    14  max30100_filters.o(i.DCRemover1)
    FBstep                                   0x0001bd51   Thumb Code    36  max30100_filters.o(i.FBstep)
    GPIOTE_IRQHandler                        0x0001bd81   Thumb Code   248  nrf_drv_gpiote.o(i.GPIOTE_IRQHandler)
    MAX_IIC_Ack                              0x0001be85   Thumb Code    48  maxiic.o(i.MAX_IIC_Ack)
    MAX_IIC_NAck                             0x0001beb5   Thumb Code    48  maxiic.o(i.MAX_IIC_NAck)
    MAX_IIC_Read_Byte                        0x0001bee5   Thumb Code    88  maxiic.o(i.MAX_IIC_Read_Byte)
    MAX_IIC_Send_Byte                        0x0001bf41   Thumb Code    74  maxiic.o(i.MAX_IIC_Send_Byte)
    MAX_IIC_Start                            0x0001bf8b   Thumb Code    42  maxiic.o(i.MAX_IIC_Start)
    MAX_IIC_Stop                             0x0001bfb5   Thumb Code    48  maxiic.o(i.MAX_IIC_Stop)
    MAX_IIC_Wait_Ack                         0x0001bfe5   Thumb Code    76  maxiic.o(i.MAX_IIC_Wait_Ack)
    MAX_Read_Byte                            0x0001c035   Thumb Code    68  maxiic.o(i.MAX_Read_Byte)
    MAX_Write_Byte                           0x0001c079   Thumb Code    64  maxiic.o(i.MAX_Write_Byte)
    MPU_Get_Accelerometer                    0x0001c0b9   Thumb Code    50  mpu6050.o(i.MPU_Get_Accelerometer)
    MPU_Get_Temperature                      0x0001c0ed   Thumb Code    78  mpu6050.o(i.MPU_Get_Temperature)
    MPU_IIC_Ack                              0x0001c151   Thumb Code    48  mpuiic.o(i.MPU_IIC_Ack)
    MPU_IIC_NAck                             0x0001c181   Thumb Code    48  mpuiic.o(i.MPU_IIC_NAck)
    MPU_IIC_Read_Byte                        0x0001c1b1   Thumb Code    88  mpuiic.o(i.MPU_IIC_Read_Byte)
    MPU_IIC_Send_Byte                        0x0001c20d   Thumb Code    74  mpuiic.o(i.MPU_IIC_Send_Byte)
    MPU_IIC_Start                            0x0001c257   Thumb Code    42  mpuiic.o(i.MPU_IIC_Start)
    MPU_IIC_Stop                             0x0001c281   Thumb Code    48  mpuiic.o(i.MPU_IIC_Stop)
    MPU_IIC_Wait_Ack                         0x0001c2b1   Thumb Code    76  mpuiic.o(i.MPU_IIC_Wait_Ack)
    MPU_Init                                 0x0001c301   Thumb Code   118  mpu6050.o(i.MPU_Init)
    MPU_Read_Byte                            0x0001c377   Thumb Code    58  mpu6050.o(i.MPU_Read_Byte)
    MPU_Read_Len                             0x0001c3b1   Thumb Code   108  mpu6050.o(i.MPU_Read_Len)
    MPU_Set_Accel_Fsr                        0x0001c41d   Thumb Code    10  mpu6050.o(i.MPU_Set_Accel_Fsr)
    MPU_Set_Gyro_Fsr                         0x0001c427   Thumb Code    10  mpu6050.o(i.MPU_Set_Gyro_Fsr)
    MPU_Set_LPF                              0x0001c431   Thumb Code    48  mpu6050.o(i.MPU_Set_LPF)
    MPU_Set_Rate                             0x0001c461   Thumb Code    46  mpu6050.o(i.MPU_Set_Rate)
    MPU_Write_Byte                           0x0001c48f   Thumb Code    60  mpu6050.o(i.MPU_Write_Byte)
    POupdate                                 0x0001c52d   Thumb Code    14  max30100_pulseoximeter.o(i.POupdate)
    RTC1_IRQHandler                          0x0001c53d   Thumb Code    32  app_timer.o(i.RTC1_IRQHandler)
    Read_One_Byte                            0x0001c561   Thumb Code     8  max30100.o(i.Read_One_Byte)
    SPO2update                               0x0001c569   Thumb Code   218  max30100_spo2calculator.o(i.SPO2update)
    SWI0_EGU0_IRQHandler                     0x0001c659   Thumb Code     4  app_timer.o(i.SWI0_EGU0_IRQHandler)
    SWI2_EGU2_IRQHandler                     0x0001c65d   Thumb Code    32  softdevice_handler.o(i.SWI2_EGU2_IRQHandler)
    SystemInit                               0x0001c681   Thumb Code   560  system_nrf52.o(i.SystemInit)
    TIMER2_IRQHandler                        0x0001c8d9   Thumb Code    26  timer.o(i.TIMER2_IRQHandler)
    UARTE0_UART0_IRQHandler                  0x0001c8fd   Thumb Code    14  nrf_drv_uart.o(i.UARTE0_UART0_IRQHandler)
    Write_One_Byte                           0x0001c911   Thumb Code    16  max30100.o(i.Write_One_Byte)
    __0printf                                0x0001c921   Thumb Code    22  printfa.o(i.__0printf)
    __1printf                                0x0001c921   Thumb Code     0  printfa.o(i.__0printf)
    __2printf                                0x0001c921   Thumb Code     0  printfa.o(i.__0printf)
    __c89printf                              0x0001c921   Thumb Code     0  printfa.o(i.__0printf)
    printf                                   0x0001c921   Thumb Code     0  printfa.o(i.__0printf)
    __hardfp_log                             0x0001c941   Thumb Code   872  log.o(i.__hardfp_log)
    __kernel_poly                            0x0001cd05   Thumb Code   248  poly.o(i.__kernel_poly)
    __mathlib_dbl_divzero                    0x0001ce01   Thumb Code    28  dunder.o(i.__mathlib_dbl_divzero)
    __mathlib_dbl_infnan                     0x0001ce31   Thumb Code    20  dunder.o(i.__mathlib_dbl_infnan)
    __mathlib_dbl_invalid                    0x0001ce49   Thumb Code    24  dunder.o(i.__mathlib_dbl_invalid)
    __scatterload_copy                       0x0001ce69   Thumb Code    14  handlers.o(i.__scatterload_copy)
    __scatterload_null                       0x0001ce77   Thumb Code     2  handlers.o(i.__scatterload_null)
    __scatterload_zeroinit                   0x0001ce79   Thumb Code    14  handlers.o(i.__scatterload_zeroinit)
    __set_errno                              0x0001ce89   Thumb Code     6  errno.o(i.__set_errno)
    addSample                                0x0001d747   Thumb Code     4  max30100_beatdetector.o(i.addSample)
    adv_data_encode                          0x0001d74b   Thumb Code   514  ble_advdata.o(i.adv_data_encode)
    app_button_enable                        0x0001d9a5   Thumb Code    32  app_button.o(i.app_button_enable)
    app_button_init                          0x0001d9c9   Thumb Code    96  app_button.o(i.app_button_init)
    app_error_fault_handler                  0x0001da39   Thumb Code    24  app_error.o(i.app_error_fault_handler)
    app_error_handler_bare                   0x0001da59   Thumb Code    20  app_error.o(i.app_error_handler_bare)
    app_fifo_get                             0x0001da6d   Thumb Code    22  app_fifo.o(i.app_fifo_get)
    app_fifo_init                            0x0001da83   Thumb Code    32  app_fifo.o(i.app_fifo_init)
    app_fifo_put                             0x0001daa3   Thumb Code    26  app_fifo.o(i.app_fifo_put)
    app_timer_create                         0x0001dabd   Thumb Code    32  app_timer.o(i.app_timer_create)
    app_timer_init                           0x0001dae1   Thumb Code   134  app_timer.o(i.app_timer_init)
    app_timer_start                          0x0001db71   Thumb Code   118  app_timer.o(i.app_timer_start)
    app_timer_stop                           0x0001dbf1   Thumb Code    76  app_timer.o(i.app_timer_stop)
    app_uart_get                             0x0001dc41   Thumb Code    44  app_uart_fifo.o(i.app_uart_get)
    app_uart_init                            0x0001dc75   Thumb Code   146  app_uart_fifo.o(i.app_uart_init)
    app_uart_put                             0x0001dd19   Thumb Code    34  app_uart_fifo.o(i.app_uart_put)
    begin                                    0x0001ddbd   Thumb Code    78  max30100_pulseoximeter.o(i.begin)
    ble_advdata_set                          0x0001de29   Thumb Code   104  ble_advdata.o(i.ble_advdata_set)
    ble_advertising_init                     0x0001de91   Thumb Code   274  ble_advertising.o(i.ble_advertising_init)
    ble_advertising_on_ble_evt               0x0001dfad   Thumb Code   122  ble_advertising.o(i.ble_advertising_on_ble_evt)
    ble_advertising_restart_without_whitelist 0x0001e03d   Thumb Code    48  ble_advertising.o(i.ble_advertising_restart_without_whitelist)
    ble_advertising_start                    0x0001e075   Thumb Code   462  ble_advertising.o(i.ble_advertising_start)
    ble_conn_params_init                     0x0001e24d   Thumb Code    72  ble_conn_params.o(i.ble_conn_params_init)
    ble_conn_params_on_ble_evt               0x0001e2a5   Thumb Code   126  ble_conn_params.o(i.ble_conn_params_on_ble_evt)
    ble_nus_init                             0x0001e3bd   Thumb Code    94  ble_nus.o(i.ble_nus_init)
    ble_nus_on_ble_evt                       0x0001e421   Thumb Code    82  ble_nus.o(i.ble_nus_on_ble_evt)
    ble_nus_string_send                      0x0001e473   Thumb Code    78  ble_nus.o(i.ble_nus_string_send)
    bsp_btn_ble_init                         0x0001e51d   Thumb Code    72  bsp_btn_ble.o(i.bsp_btn_ble_init)
    bsp_btn_ble_on_ble_evt                   0x0001e569   Thumb Code   106  bsp_btn_ble.o(i.bsp_btn_ble_on_ble_evt)
    bsp_btn_ble_sleep_mode_prepare           0x0001e5d9   Thumb Code    18  bsp_btn_ble.o(i.bsp_btn_ble_sleep_mode_prepare)
    bsp_button_is_pressed                    0x0001e695   Thumb Code    34  bsp.o(i.bsp_button_is_pressed)
    bsp_event_handler                        0x0001e6c1   Thumb Code    54  main.o(i.bsp_event_handler)
    bsp_event_to_button_action_assign        0x0001e6fd   Thumb Code    64  bsp.o(i.bsp_event_to_button_action_assign)
    bsp_indication_set                       0x0001e741   Thumb Code    20  bsp.o(i.bsp_indication_set)
    bsp_init                                 0x0001e759   Thumb Code   140  bsp.o(i.bsp_init)
    bsp_wakeup_buttons_set                   0x0001ea21   Thumb Code    54  bsp.o(i.bsp_wakeup_buttons_set)
    checkCurrentBias                         0x0001ead9   Thumb Code   154  max30100_pulseoximeter.o(i.checkCurrentBias)
    checkForBeat                             0x0001eb81   Thumb Code   264  max30100_beatdetector.o(i.checkForBeat)
    checkSample                              0x0001eca1   Thumb Code   322  max30100_pulseoximeter.o(i.checkSample)
    decreaseThreshold                        0x0001efa5   Thumb Code   154  max30100_beatdetector.o(i.decreaseThreshold)
    fputc                                    0x0001f11b   Thumb Code    14  retarget.o(i.fputc)
    getCurrentThreshold                      0x0001f129   Thumb Code     8  max30100_beatdetector.o(i.getCurrentThreshold)
    getDCW                                   0x0001f135   Thumb Code     6  max30100_filters.o(i.getDCW)
    getHeartRate                             0x0001f13b   Thumb Code     4  max30100_pulseoximeter.o(i.getHeartRate)
    getRate                                  0x0001f141   Thumb Code    48  max30100_beatdetector.o(i.getRate)
    intern_softdevice_events_execute         0x0001f1d9   Thumb Code   106  softdevice_handler.o(i.intern_softdevice_events_execute)
    loop                                     0x0001f455   Thumb Code   204  main.o(i.loop)
    main                                     0x0001f55d   Thumb Code   422  main.o(i.main)
    max_begin                                0x0001f7d9   Thumb Code    72  max30100.o(i.max_begin)
    max_iic_init                             0x0001f881   Thumb Code    18  maxiic.o(i.max_iic_init)
    millis                                   0x0001f895   Thumb Code    18  timer.o(i.millis)
    mpu_iic_init                             0x0001f8b1   Thumb Code    24  mpuiic.o(i.mpu_iic_init)
    nrf_delay_ms                             0x0001f965   Thumb Code    26  nrf_delay.o(i.nrf_delay_ms)
    nrf_drv_common_irq_enable                0x0001f97f   Thumb Code    56  nrf_drv_common.o(i.nrf_drv_common_irq_enable)
    nrf_drv_gpiote_in_event_enable           0x0001f9b9   Thumb Code   150  nrf_drv_gpiote.o(i.nrf_drv_gpiote_in_event_enable)
    nrf_drv_gpiote_in_init                   0x0001fa5d   Thumb Code   170  nrf_drv_gpiote.o(i.nrf_drv_gpiote_in_init)
    nrf_drv_gpiote_in_is_set                 0x0001fb15   Thumb Code    16  nrf_drv_gpiote.o(i.nrf_drv_gpiote_in_is_set)
    nrf_drv_gpiote_init                      0x0001fb29   Thumb Code    76  nrf_drv_gpiote.o(i.nrf_drv_gpiote_init)
    nrf_drv_gpiote_is_init                   0x0001fb7d   Thumb Code    14  nrf_drv_gpiote.o(i.nrf_drv_gpiote_is_init)
    nrf_drv_uart_init                        0x0001fb91   Thumb Code   126  nrf_drv_uart.o(i.nrf_drv_uart_init)
    nrf_drv_uart_rx                          0x0001fc25   Thumb Code   132  nrf_drv_uart.o(i.nrf_drv_uart_rx)
    nrf_drv_uart_rx_enable                   0x0001fcb1   Thumb Code    26  nrf_drv_uart.o(i.nrf_drv_uart_rx_enable)
    nrf_drv_uart_tx                          0x0001fdfd   Thumb Code   128  nrf_drv_uart.o(i.nrf_drv_uart_tx)
    pstorage_access_status_get               0x000201b1   Thumb Code    28  pstorage.o(i.pstorage_access_status_get)
    readFifoData                             0x000201d5   Thumb Code    32  max30100.o(i.readFifoData)
    reset                                    0x000201f9   Thumb Code    24  max30100_spo2calculator.o(i.reset)
    sd_check_ram_start                       0x00020399   Thumb Code    10  softdevice_handler.o(i.sd_check_ram_start)
    setHighresModeEnabled                    0x00020431   Thumb Code    32  max30100.o(i.setHighresModeEnabled)
    setLedsCurrent                           0x00020451   Thumb Code    12  max30100.o(i.setLedsCurrent)
    setLedsPulseWidth                        0x0002045d   Thumb Code    26  max30100.o(i.setLedsPulseWidth)
    setMode                                  0x00020477   Thumb Code     8  max30100.o(i.setMode)
    setOnBeatDetectedCallback                0x00020481   Thumb Code    12  max30100_pulseoximeter.o(i.setOnBeatDetectedCallback)
    setSamplingRate                          0x00020491   Thumb Code    30  max30100.o(i.setSamplingRate)
    setup                                    0x000204b1   Thumb Code    22  main.o(i.setup)
    softdevice_ble_evt_handler_set           0x00020505   Thumb Code    14  softdevice_handler.o(i.softdevice_ble_evt_handler_set)
    softdevice_enable                        0x00020519   Thumb Code    14  softdevice_handler.o(i.softdevice_enable)
    softdevice_enable_get_default_config     0x0002052d   Thumb Code    38  softdevice_handler.o(i.softdevice_enable_get_default_config)
    softdevice_fault_handler                 0x00020553   Thumb Code     4  softdevice_handler.o(i.softdevice_fault_handler)
    softdevice_handler_init                  0x00020559   Thumb Code    38  softdevice_handler.o(i.softdevice_handler_init)
    step                                     0x00020589   Thumb Code    22  max30100_filters.o(i.step)
    timer_init                               0x000205a1   Thumb Code    66  timer.o(i.timer_init)
    uart_event_handle                        0x00020825   Thumb Code    84  main.o(i.uart_event_handle)
    update                                   0x00020b13   Thumb Code     4  max30100.o(i.update)
    __mathlib_zero                           0x00020da0   Data           8  qnan.o(.constdata)
    Region$$Table$$Base                      0x00020da8   Number         0  anon$$obj.o(Region$$Table)
    Region$$Table$$Limit                     0x00020dc8   Number         0  anon$$obj.o(Region$$Table)
    Image$$RW_IRAM1$$Base                    0x20001f00   Number         0  anon$$obj.o ABSOLUTE
    finger_leave                             0x20001f00   Data           1  main.o(.data)
    tsLastReport                             0x20001f08   Data           4  main.o(.data)
    HeartRate                                0x20001f0c   Data           4  main.o(.data)
    HR                                       0x20001f10   Data           4  main.o(.data)
    temperature                              0x20001f14   Data           4  main.o(.data)
    accel                                    0x20001f18   Data           6  main.o(.data)
    SystemCoreClock                          0x20001f40   Data           4  system_nrf52.o(.data)
    __stdout                                 0x20001fd8   Data           4  retarget.o(.data)
    rawIRValue                               0x20001ff0   Data           2  max30100.o(.data)
    rawRedValue                              0x20001ff2   Data           2  max30100.o(.data)
    Beatstate                                0x20001ff4   Data           1  max30100_beatdetector.o(.data)
    threshold                                0x20001ff8   Data           4  max30100_beatdetector.o(.data)
    beatPeriod                               0x20001ffc   Data           4  max30100_beatdetector.o(.data)
    lastMaxValue                             0x20002000   Data           4  max30100_beatdetector.o(.data)
    tsLastBeat                               0x20002004   Data           4  max30100_beatdetector.o(.data)
    v                                        0x20002008   Data           8  max30100_filters.o(.data)
    state                                    0x20002010   Data           1  max30100_pulseoximeter.o(.data)
    debuggingMode                            0x20002011   Data           1  max30100_pulseoximeter.o(.data)
    redLedPower                              0x20002012   Data           1  max30100_pulseoximeter.o(.data)
    onBeatDetected                           0x20002014   Data           4  max30100_pulseoximeter.o(.data)
    tsFirstBeatDetected                      0x20002018   Data           4  max30100_pulseoximeter.o(.data)
    tsLastBeatDetected                       0x2000201c   Data           4  max30100_pulseoximeter.o(.data)
    tsLastSample                             0x20002020   Data           4  max30100_pulseoximeter.o(.data)
    tsLastBiasCheck                          0x20002024   Data           4  max30100_pulseoximeter.o(.data)
    tsLastCurrentAdjustment                  0x20002028   Data           4  max30100_pulseoximeter.o(.data)
    irDCRemover                              0x2000202c   Data           8  max30100_pulseoximeter.o(.data)
    redDCRemover                             0x20002034   Data           8  max30100_pulseoximeter.o(.data)
    beatsDetectedNum                         0x2000203c   Data           1  max30100_spo2calculator.o(.data)
    spO2                                     0x2000203d   Data           1  max30100_spo2calculator.o(.data)
    irACValueSqSum                           0x20002040   Data           4  max30100_spo2calculator.o(.data)
    redACValueSqSum                          0x20002044   Data           4  max30100_spo2calculator.o(.data)
    samplesRecorded                          0x20002048   Data           4  max30100_spo2calculator.o(.data)
    spO2LUT                                  0x2000204c   Data          43  max30100_spo2calculator.o(.data)
    RunTime                                  0x20002078   Data           4  timer.o(.data)
    ble_data                                 0x200024c0   Data          10  main.o(.bss)
    __initial_sp                             0x20004808   Data           0  arm_startup_nrf52.o(STACK)



==============================================================================

Memory Map of the image

  Image Entry point : 0x0001b401

  Load Region LR_IROM1 (Base: 0x0001b000, Size: 0x00005f48, Max: 0x00065000, ABSOLUTE, COMPRESSED[0x00005df4])

    Execution Region ER_IROM1 (Base: 0x0001b000, Size: 0x00005dc8, Max: 0x00065000, ABSOLUTE)

    Base Addr    Size         Type   Attr      Idx    E Section Name        Object

    0x0001b000   0x00000400   Data   RO          447    RESET               arm_startup_nrf52.o
    0x0001b400   0x00000000   Code   RO         3020  * .ARM.Collect$$$$00000000  mc_w.l(entry.o)
    0x0001b400   0x00000004   Code   RO         3323    .ARM.Collect$$$$00000001  mc_w.l(entry2.o)
    0x0001b404   0x00000004   Code   RO         3326    .ARM.Collect$$$$00000004  mc_w.l(entry5.o)
    0x0001b408   0x00000000   Code   RO         3328    .ARM.Collect$$$$00000008  mc_w.l(entry7b.o)
    0x0001b408   0x00000000   Code   RO         3330    .ARM.Collect$$$$0000000A  mc_w.l(entry8b.o)
    0x0001b408   0x00000008   Code   RO         3331    .ARM.Collect$$$$0000000B  mc_w.l(entry9a.o)
    0x0001b410   0x00000000   Code   RO         3333    .ARM.Collect$$$$0000000D  mc_w.l(entry10a.o)
    0x0001b410   0x00000000   Code   RO         3335    .ARM.Collect$$$$0000000F  mc_w.l(entry11a.o)
    0x0001b410   0x00000004   Code   RO         3324    .ARM.Collect$$$$00002712  mc_w.l(entry2.o)
    0x0001b414   0x00000076   Code   RO          900    .emb_text           nrf_delay.o
    0x0001b48a   0x00000002   PAD
    0x0001b48c   0x00000076   Code   RO         1909    .emb_text           app_timer.o
    0x0001b502   0x00000002   PAD
    0x0001b504   0x00000076   Code   RO         2391    .emb_text           mpuiic.o
    0x0001b57a   0x00000002   PAD
    0x0001b57c   0x00000076   Code   RO         2862    .emb_text           maxiic.o
    0x0001b5f2   0x00000002   PAD
    0x0001b5f4   0x00000024   Code   RO          448    .text               arm_startup_nrf52.o
    0x0001b618   0x00000024   Code   RO         3023    .text               mc_w.l(memcpya.o)
    0x0001b63c   0x00000024   Code   RO         3025    .text               mc_w.l(memseta.o)
    0x0001b660   0x0000014e   Code   RO         3294    .text               mf_w.l(dadd.o)
    0x0001b7ae   0x000000e4   Code   RO         3296    .text               mf_w.l(dmul.o)
    0x0001b892   0x000000de   Code   RO         3298    .text               mf_w.l(ddiv.o)
    0x0001b970   0x00000022   Code   RO         3300    .text               mf_w.l(dflti.o)
    0x0001b992   0x00000026   Code   RO         3302    .text               mf_w.l(f2d.o)
    0x0001b9b8   0x00000038   Code   RO         3304    .text               mf_w.l(d2f.o)
    0x0001b9f0   0x0000002c   Code   RO         3337    .text               mc_w.l(uidiv.o)
    0x0001ba1c   0x00000062   Code   RO         3339    .text               mc_w.l(uldiv.o)
    0x0001ba7e   0x0000001e   Code   RO         3341    .text               mc_w.l(llshl.o)
    0x0001ba9c   0x00000024   Code   RO         3343    .text               mc_w.l(llsshr.o)
    0x0001bac0   0x00000000   Code   RO         3352    .text               mc_w.l(iusefp.o)
    0x0001bac0   0x0000006e   Code   RO         3353    .text               mf_w.l(fepilogue.o)
    0x0001bb2e   0x000000ba   Code   RO         3355    .text               mf_w.l(depilogue.o)
    0x0001bbe8   0x00000030   Code   RO         3359    .text               mf_w.l(dfixul.o)
    0x0001bc18   0x00000030   Code   RO         3361    .text               mf_w.l(cdcmple.o)
    0x0001bc48   0x00000030   Code   RO         3363    .text               mf_w.l(cdrcmple.o)
    0x0001bc78   0x00000024   Code   RO         3365    .text               mc_w.l(init.o)
    0x0001bc9c   0x00000020   Code   RO         3367    .text               mc_w.l(llushr.o)
    0x0001bcbc   0x00000056   Code   RO         3377    .text               mc_w.l(__dczerorl2.o)
    0x0001bd12   0x0000002a   Code   RO         2517    i.Buff_Read         max30100.o
    0x0001bd3c   0x00000014   Code   RO         2668    i.DCRemover1        max30100_filters.o
    0x0001bd50   0x00000030   Code   RO         2670    i.FBstep            max30100_filters.o
    0x0001bd80   0x00000104   Code   RO          961    i.GPIOTE_IRQHandler  nrf_drv_gpiote.o
    0x0001be84   0x00000030   Code   RO         2863    i.MAX_IIC_Ack       maxiic.o
    0x0001beb4   0x00000030   Code   RO         2865    i.MAX_IIC_NAck      maxiic.o
    0x0001bee4   0x0000005c   Code   RO         2866    i.MAX_IIC_Read_Byte  maxiic.o
    0x0001bf40   0x0000004a   Code   RO         2867    i.MAX_IIC_Send_Byte  maxiic.o
    0x0001bf8a   0x0000002a   Code   RO         2868    i.MAX_IIC_Start     maxiic.o
    0x0001bfb4   0x00000030   Code   RO         2869    i.MAX_IIC_Stop      maxiic.o
    0x0001bfe4   0x00000050   Code   RO         2870    i.MAX_IIC_Wait_Ack  maxiic.o
    0x0001c034   0x00000044   Code   RO         2871    i.MAX_Read_Byte     maxiic.o
    0x0001c078   0x00000040   Code   RO         2872    i.MAX_Write_Byte    maxiic.o
    0x0001c0b8   0x00000032   Code   RO         2297    i.MPU_Get_Accelerometer  mpu6050.o
    0x0001c0ea   0x00000002   PAD
    0x0001c0ec   0x00000064   Code   RO         2299    i.MPU_Get_Temperature  mpu6050.o
    0x0001c150   0x00000030   Code   RO         2392    i.MPU_IIC_Ack       mpuiic.o
    0x0001c180   0x00000030   Code   RO         2394    i.MPU_IIC_NAck      mpuiic.o
    0x0001c1b0   0x0000005c   Code   RO         2395    i.MPU_IIC_Read_Byte  mpuiic.o
    0x0001c20c   0x0000004a   Code   RO         2396    i.MPU_IIC_Send_Byte  mpuiic.o
    0x0001c256   0x0000002a   Code   RO         2397    i.MPU_IIC_Start     mpuiic.o
    0x0001c280   0x00000030   Code   RO         2398    i.MPU_IIC_Stop      mpuiic.o
    0x0001c2b0   0x00000050   Code   RO         2399    i.MPU_IIC_Wait_Ack  mpuiic.o
    0x0001c300   0x00000076   Code   RO         2300    i.MPU_Init          mpu6050.o
    0x0001c376   0x0000003a   Code   RO         2301    i.MPU_Read_Byte     mpu6050.o
    0x0001c3b0   0x0000006c   Code   RO         2302    i.MPU_Read_Len      mpu6050.o
    0x0001c41c   0x0000000a   Code   RO         2303    i.MPU_Set_Accel_Fsr  mpu6050.o
    0x0001c426   0x0000000a   Code   RO         2304    i.MPU_Set_Gyro_Fsr  mpu6050.o
    0x0001c430   0x00000030   Code   RO         2305    i.MPU_Set_LPF       mpu6050.o
    0x0001c460   0x0000002e   Code   RO         2306    i.MPU_Set_Rate      mpu6050.o
    0x0001c48e   0x0000003c   Code   RO         2307    i.MPU_Write_Byte    mpu6050.o
    0x0001c4ca   0x00000016   Code   RO         1910    i.NVIC_ClearPendingIRQ  app_timer.o
    0x0001c4e0   0x00000016   Code   RO         1911    i.NVIC_EnableIRQ    app_timer.o
    0x0001c4f6   0x00000016   Code   RO         1912    i.NVIC_SetPendingIRQ  app_timer.o
    0x0001c50c   0x00000020   Code   RO         1913    i.NVIC_SetPriority  app_timer.o
    0x0001c52c   0x0000000e   Code   RO         2719    i.POupdate          max30100_pulseoximeter.o
    0x0001c53a   0x00000002   PAD
    0x0001c53c   0x00000024   Code   RO         1914    i.RTC1_IRQHandler   app_timer.o
    0x0001c560   0x00000008   Code   RO         2518    i.Read_One_Byte     max30100.o
    0x0001c568   0x000000f0   Code   RO         2814    i.SPO2update        max30100_spo2calculator.o
    0x0001c658   0x00000004   Code   RO         1915    i.SWI0_EGU0_IRQHandler  app_timer.o
    0x0001c65c   0x00000024   Code   RO         2209    i.SWI2_EGU2_IRQHandler  softdevice_handler.o
    0x0001c680   0x00000258   Code   RO          455    i.SystemInit        system_nrf52.o
    0x0001c8d8   0x00000024   Code   RO         2970    i.TIMER2_IRQHandler  timer.o
    0x0001c8fc   0x00000014   Code   RO         1156    i.UARTE0_UART0_IRQHandler  nrf_drv_uart.o
    0x0001c910   0x00000010   Code   RO         2519    i.Write_One_Byte    max30100.o
    0x0001c920   0x00000020   Code   RO         3266    i.__0printf         mc_w.l(printfa.o)
    0x0001c940   0x000003c4   Code   RO         3006    i.__hardfp_log      m_wm.l(log.o)
    0x0001cd04   0x000000f8   Code   RO         3320    i.__kernel_poly     m_wm.l(poly.o)
    0x0001cdfc   0x00000004   PAD
    0x0001ce00   0x00000030   Code   RO         3306    i.__mathlib_dbl_divzero  m_wm.l(dunder.o)
    0x0001ce30   0x00000014   Code   RO         3307    i.__mathlib_dbl_infnan  m_wm.l(dunder.o)
    0x0001ce44   0x00000004   PAD
    0x0001ce48   0x00000020   Code   RO         3309    i.__mathlib_dbl_invalid  m_wm.l(dunder.o)
    0x0001ce68   0x0000000e   Code   RO         3371    i.__scatterload_copy  mc_w.l(handlers.o)
    0x0001ce76   0x00000002   Code   RO         3372    i.__scatterload_null  mc_w.l(handlers.o)
    0x0001ce78   0x0000000e   Code   RO         3373    i.__scatterload_zeroinit  mc_w.l(handlers.o)
    0x0001ce86   0x00000002   PAD
    0x0001ce88   0x0000000c   Code   RO         3347    i.__set_errno       mc_w.l(errno.o)
    0x0001ce94   0x00000184   Code   RO         3273    i._fp_digits        mc_w.l(printfa.o)
    0x0001d018   0x000006dc   Code   RO         3274    i._printf_core      mc_w.l(printfa.o)
    0x0001d6f4   0x00000024   Code   RO         3275    i._printf_post_padding  mc_w.l(printfa.o)
    0x0001d718   0x0000002e   Code   RO         3276    i._printf_pre_padding  mc_w.l(printfa.o)
    0x0001d746   0x00000004   Code   RO         2611    i.addSample         max30100_beatdetector.o
    0x0001d74a   0x00000202   Code   RO          490    i.adv_data_encode   ble_advdata.o
    0x0001d94c   0x00000036   Code   RO          408    i.advertising_buttons_configure  bsp_btn_ble.o
    0x0001d982   0x00000002   PAD
    0x0001d984   0x00000020   Code   RO          301    i.alert_timer_handler  bsp.o
    0x0001d9a4   0x00000024   Code   RO         1740    i.app_button_enable  app_button.o
    0x0001d9c8   0x00000070   Code   RO         1741    i.app_button_init   app_button.o
    0x0001da38   0x00000020   Code   RO         1797    i.app_error_fault_handler  app_error.o
    0x0001da58   0x00000014   Code   RO         1799    i.app_error_handler_bare  app_error.o
    0x0001da6c   0x00000016   Code   RO         1850    i.app_fifo_get      app_fifo.o
    0x0001da82   0x00000020   Code   RO         1851    i.app_fifo_init     app_fifo.o
    0x0001daa2   0x0000001a   Code   RO         1852    i.app_fifo_put      app_fifo.o
    0x0001dabc   0x00000024   Code   RO         1918    i.app_timer_create  app_timer.o
    0x0001dae0   0x00000090   Code   RO         1919    i.app_timer_init    app_timer.o
    0x0001db70   0x00000080   Code   RO         1920    i.app_timer_start   app_timer.o
    0x0001dbf0   0x00000050   Code   RO         1921    i.app_timer_stop    app_timer.o
    0x0001dc40   0x00000034   Code   RO          819    i.app_uart_get      app_uart_fifo.o
    0x0001dc74   0x000000a4   Code   RO          820    i.app_uart_init     app_uart_fifo.o
    0x0001dd18   0x0000002c   Code   RO          821    i.app_uart_put      app_uart_fifo.o
    0x0001dd44   0x00000078   Code   RO         1157    i.apply_config      nrf_drv_uart.o
    0x0001ddbc   0x0000006c   Code   RO         2721    i.begin             max30100_pulseoximeter.o
    0x0001de28   0x00000068   Code   RO          491    i.ble_advdata_set   ble_advdata.o
    0x0001de90   0x0000011c   Code   RO          577    i.ble_advertising_init  ble_advertising.o
    0x0001dfac   0x00000080   Code   RO          578    i.ble_advertising_on_ble_evt  ble_advertising.o
    0x0001e02c   0x00000010   Code   RO          581    i.ble_advertising_peer_address_clear  ble_advertising.o
    0x0001e03c   0x00000038   Code   RO          582    i.ble_advertising_restart_without_whitelist  ble_advertising.o
    0x0001e074   0x000001d8   Code   RO          583    i.ble_advertising_start  ble_advertising.o
    0x0001e24c   0x00000058   Code   RO          661    i.ble_conn_params_init  ble_conn_params.o
    0x0001e2a4   0x0000008c   Code   RO          662    i.ble_conn_params_on_ble_evt  ble_conn_params.o
    0x0001e330   0x0000005e   Code   RO          492    i.ble_device_addr_encode  ble_advdata.o
    0x0001e38e   0x00000002   PAD
    0x0001e390   0x0000002c   Code   RO            4    i.ble_evt_dispatch  main.o
    0x0001e3bc   0x00000064   Code   RO          731    i.ble_nus_init      ble_nus.o
    0x0001e420   0x00000052   Code   RO          732    i.ble_nus_on_ble_evt  ble_nus.o
    0x0001e472   0x0000004e   Code   RO          733    i.ble_nus_string_send  ble_nus.o
    0x0001e4c0   0x0000005c   Code   RO            5    i.ble_stack_init    main.o
    0x0001e51c   0x0000004c   Code   RO          409    i.bsp_btn_ble_init  bsp_btn_ble.o
    0x0001e568   0x00000070   Code   RO          410    i.bsp_btn_ble_on_ble_evt  bsp_btn_ble.o
    0x0001e5d8   0x00000012   Code   RO          411    i.bsp_btn_ble_sleep_mode_prepare  bsp_btn_ble.o
    0x0001e5ea   0x00000002   PAD
    0x0001e5ec   0x000000a8   Code   RO          302    i.bsp_button_event_handler  bsp.o
    0x0001e694   0x0000002c   Code   RO          303    i.bsp_button_is_pressed  bsp.o
    0x0001e6c0   0x0000003c   Code   RO            6    i.bsp_event_handler  main.o
    0x0001e6fc   0x00000044   Code   RO          307    i.bsp_event_to_button_action_assign  bsp.o
    0x0001e740   0x00000018   Code   RO          308    i.bsp_indication_set  bsp.o
    0x0001e758   0x000000a4   Code   RO          310    i.bsp_init          bsp.o
    0x0001e7fc   0x00000224   Code   RO          311    i.bsp_led_indication  bsp.o
    0x0001ea20   0x0000003c   Code   RO          312    i.bsp_wakeup_buttons_set  bsp.o
    0x0001ea5c   0x00000008   Code   RO          313    i.button_timer_handler  bsp.o
    0x0001ea64   0x0000001c   Code   RO          962    i.channel_free      nrf_drv_gpiote.o
    0x0001ea80   0x00000048   Code   RO          963    i.channel_port_alloc  nrf_drv_gpiote.o
    0x0001eac8   0x00000010   Code   RO          964    i.channel_port_get  nrf_drv_gpiote.o
    0x0001ead8   0x000000a8   Code   RO         2722    i.checkCurrentBias  max30100_pulseoximeter.o
    0x0001eb80   0x00000120   Code   RO         2612    i.checkForBeat      max30100_beatdetector.o
    0x0001eca0   0x00000170   Code   RO         2723    i.checkSample       max30100_pulseoximeter.o
    0x0001ee10   0x000000ac   Code   RO         1923    i.compare_reg_update  app_timer.o
    0x0001eebc   0x00000088   Code   RO          493    i.conn_int_encode   ble_advdata.o
    0x0001ef44   0x00000004   Code   RO            7    i.conn_params_error_handler  main.o
    0x0001ef48   0x0000005c   Code   RO          664    i.conn_params_negotiation  ble_conn_params.o
    0x0001efa4   0x000000b0   Code   RO         2613    i.decreaseThreshold  max30100_beatdetector.o
    0x0001f054   0x00000060   Code   RO         1743    i.detection_delay_timeout_handler  app_button.o
    0x0001f0b4   0x00000040   Code   RO         1924    i.elapsed_ticks_acquire  app_timer.o
    0x0001f0f4   0x00000014   Code   RO         1855    i.fifo_get          app_fifo.o
    0x0001f108   0x00000012   Code   RO         1856    i.fifo_put          app_fifo.o
    0x0001f11a   0x0000000e   Code   RO         2176    i.fputc             retarget.o
    0x0001f128   0x0000000c   Code   RO         2614    i.getCurrentThreshold  max30100_beatdetector.o
    0x0001f134   0x00000006   Code   RO         2672    i.getDCW            max30100_filters.o
    0x0001f13a   0x00000004   Code   RO         2724    i.getHeartRate      max30100_pulseoximeter.o
    0x0001f13e   0x00000002   PAD
    0x0001f140   0x00000040   Code   RO         2615    i.getRate           max30100_beatdetector.o
    0x0001f180   0x00000058   Code   RO         1744    i.gpiote_event_handler  app_button.o
    0x0001f1d8   0x00000070   Code   RO         2210    i.intern_softdevice_events_execute  softdevice_handler.o
    0x0001f248   0x0000001c   Code   RO          665    i.is_conn_params_ok  ble_conn_params.o
    0x0001f264   0x00000054   Code   RO          494    i.le_role_encode    ble_advdata.o
    0x0001f2b8   0x00000014   Code   RO          314    i.leds_timer_handler  bsp.o
    0x0001f2cc   0x000000bc   Code   RO         1925    i.list_deletions_handler  app_timer.o
    0x0001f388   0x000000cc   Code   RO         1926    i.list_insertions_handler  app_timer.o
    0x0001f454   0x00000108   Code   RO            8    i.loop              main.o
    0x0001f55c   0x00000218   Code   RO            9    i.main              main.o
    0x0001f774   0x00000064   Code   RO          495    i.manuf_specific_data_encode  ble_advdata.o
    0x0001f7d8   0x000000a8   Code   RO         2520    i.max_begin         max30100.o
    0x0001f880   0x00000012   Code   RO         2873    i.max_iic_init      maxiic.o
    0x0001f892   0x00000002   PAD
    0x0001f894   0x0000001c   Code   RO         2971    i.millis            timer.o
    0x0001f8b0   0x00000018   Code   RO         2402    i.mpu_iic_init      mpuiic.o
    0x0001f8c8   0x0000009c   Code   RO          496    i.name_encode       ble_advdata.o
    0x0001f964   0x0000001a   Code   RO          901    i.nrf_delay_ms      nrf_delay.o
    0x0001f97e   0x00000038   Code   RO          927    i.nrf_drv_common_irq_enable  nrf_drv_common.o
    0x0001f9b6   0x00000002   PAD
    0x0001f9b8   0x000000a4   Code   RO          967    i.nrf_drv_gpiote_in_event_enable  nrf_drv_gpiote.o
    0x0001fa5c   0x000000b8   Code   RO          968    i.nrf_drv_gpiote_in_init  nrf_drv_gpiote.o
    0x0001fb14   0x00000014   Code   RO          969    i.nrf_drv_gpiote_in_is_set  nrf_drv_gpiote.o
    0x0001fb28   0x00000054   Code   RO          971    i.nrf_drv_gpiote_init  nrf_drv_gpiote.o
    0x0001fb7c   0x00000014   Code   RO          972    i.nrf_drv_gpiote_is_init  nrf_drv_gpiote.o
    0x0001fb90   0x00000094   Code   RO         1159    i.nrf_drv_uart_init  nrf_drv_uart.o
    0x0001fc24   0x0000008c   Code   RO         1160    i.nrf_drv_uart_rx   nrf_drv_uart.o
    0x0001fcb0   0x00000020   Code   RO         1163    i.nrf_drv_uart_rx_enable  nrf_drv_uart.o
    0x0001fcd0   0x0000009c   Code   RO         1164    i.nrf_drv_uart_rx_for_uart  nrf_drv_uart.o
    0x0001fd6c   0x00000090   Code   RO         1165    i.nrf_drv_uart_rx_for_uarte  nrf_drv_uart.o
    0x0001fdfc   0x00000088   Code   RO         1166    i.nrf_drv_uart_tx   nrf_drv_uart.o
    0x0001fe84   0x00000080   Code   RO         1168    i.nrf_drv_uart_tx_for_uart  nrf_drv_uart.o
    0x0001ff04   0x00000022   Code   RO          984    i.nrf_gpio_cfg      nrf_drv_gpiote.o
    0x0001ff26   0x00000022   Code   RO         1170    i.nrf_gpio_cfg      nrf_drv_uart.o
    0x0001ff48   0x00000022   Code   RO         2403    i.nrf_gpio_cfg      mpuiic.o
    0x0001ff6a   0x00000022   Code   RO         2874    i.nrf_gpio_cfg      maxiic.o
    0x0001ff8c   0x00000012   Code   RO         1172    i.nrf_gpio_cfg_input  nrf_drv_uart.o
    0x0001ff9e   0x00000012   Code   RO         2404    i.nrf_gpio_cfg_input  mpuiic.o
    0x0001ffb0   0x00000012   Code   RO         2875    i.nrf_gpio_cfg_input  maxiic.o
    0x0001ffc2   0x00000014   Code   RO         1173    i.nrf_gpio_cfg_output  nrf_drv_uart.o
    0x0001ffd6   0x00000014   Code   RO         2405    i.nrf_gpio_cfg_output  mpuiic.o
    0x0001ffea   0x00000014   Code   RO         2876    i.nrf_gpio_cfg_output  maxiic.o
    0x0001fffe   0x0000001c   Code   RO          986    i.nrf_gpio_cfg_sense_set  nrf_drv_gpiote.o
    0x0002001a   0x00000002   PAD
    0x0002001c   0x00000010   Code   RO         2406    i.nrf_gpio_pin_clear  mpuiic.o
    0x0002002c   0x00000010   Code   RO         2877    i.nrf_gpio_pin_clear  maxiic.o
    0x0002003c   0x00000010   Code   RO         2407    i.nrf_gpio_pin_set  mpuiic.o
    0x0002004c   0x00000010   Code   RO         2878    i.nrf_gpio_pin_set  maxiic.o
    0x0002005c   0x00000014   Code   RO          987    i.nrf_gpiote_event_clear  nrf_drv_gpiote.o
    0x00020070   0x00000010   Code   RO          988    i.nrf_gpiote_event_is_set  nrf_drv_gpiote.o
    0x00020080   0x0000000a   Code   RO         1174    i.nrf_uart_event_check  nrf_drv_uart.o
    0x0002008a   0x0000000c   Code   RO         1175    i.nrf_uart_int_enable_check  nrf_drv_uart.o
    0x00020096   0x0000000a   Code   RO         1176    i.nrf_uarte_event_check  nrf_drv_uart.o
    0x000200a0   0x00000026   Code   RO           10    i.nus_data_handler  main.o
    0x000200c6   0x00000024   Code   RO           11    i.on_adv_evt        main.o
    0x000200ea   0x00000002   PAD
    0x000200ec   0x00000064   Code   RO           12    i.on_ble_evt        main.o
    0x00020150   0x0000001c   Code   RO           13    i.on_conn_params_evt  main.o
    0x0002016c   0x00000014   Code   RO          585    i.peer_address_exists  ble_advertising.o
    0x00020180   0x00000018   Code   RO          989    i.pin_in_use_by_port  nrf_drv_gpiote.o
    0x00020198   0x00000018   Code   RO          990    i.pin_in_use_by_te  nrf_drv_gpiote.o
    0x000201b0   0x00000024   Code   RO         1365    i.pstorage_access_status_get  pstorage.o
    0x000201d4   0x00000024   Code   RO         2521    i.readFifoData      max30100.o
    0x000201f8   0x00000020   Code   RO         2817    i.reset             max30100_spo2calculator.o
    0x00020218   0x0000003c   Code   RO         1927    i.rtc1_stop         app_timer.o
    0x00020254   0x00000030   Code   RO         1178    i.rx_byte           nrf_drv_uart.o
    0x00020284   0x000000dc   Code   RO          734    i.rx_char_add       ble_nus.o
    0x00020360   0x00000020   Code   RO         1179    i.rx_done_event     nrf_drv_uart.o
    0x00020380   0x00000018   Code   RO         1180    i.rx_enable         nrf_drv_uart.o
    0x00020398   0x00000010   Code   RO         2211    i.sd_check_ram_start  softdevice_handler.o
    0x000203a8   0x00000088   Code   RO          497    i.service_data_encode  ble_advdata.o
    0x00020430   0x00000020   Code   RO         2523    i.setHighresModeEnabled  max30100.o
    0x00020450   0x0000000c   Code   RO         2524    i.setLedsCurrent    max30100.o
    0x0002045c   0x0000001a   Code   RO         2525    i.setLedsPulseWidth  max30100.o
    0x00020476   0x00000008   Code   RO         2526    i.setMode           max30100.o
    0x0002047e   0x00000002   PAD
    0x00020480   0x00000010   Code   RO         2727    i.setOnBeatDetectedCallback  max30100_pulseoximeter.o
    0x00020490   0x0000001e   Code   RO         2527    i.setSamplingRate   max30100.o
    0x000204ae   0x00000002   PAD
    0x000204b0   0x0000002c   Code   RO           14    i.setup             main.o
    0x000204dc   0x00000028   Code   RO           15    i.sleep_mode_enter  main.o
    0x00020504   0x00000014   Code   RO         2212    i.softdevice_ble_evt_handler_set  softdevice_handler.o
    0x00020518   0x00000014   Code   RO         2213    i.softdevice_enable  softdevice_handler.o
    0x0002052c   0x00000026   Code   RO         2214    i.softdevice_enable_get_default_config  softdevice_handler.o
    0x00020552   0x00000004   Code   RO         2215    i.softdevice_fault_handler  softdevice_handler.o
    0x00020556   0x00000002   PAD
    0x00020558   0x00000030   Code   RO         2216    i.softdevice_handler_init  softdevice_handler.o
    0x00020588   0x00000016   Code   RO         2673    i.step              max30100_filters.o
    0x0002059e   0x00000002   PAD
    0x000205a0   0x00000050   Code   RO         2972    i.timer_init        timer.o
    0x000205f0   0x0000008c   Code   RO         1928    i.timer_list_handler  app_timer.o
    0x0002067c   0x0000003c   Code   RO         1929    i.timer_list_insert  app_timer.o
    0x000206b8   0x00000084   Code   RO         1930    i.timer_timeouts_check  app_timer.o
    0x0002073c   0x00000024   Code   RO         1181    i.tx_byte           nrf_drv_uart.o
    0x00020760   0x000000a0   Code   RO          735    i.tx_char_add       ble_nus.o
    0x00020800   0x00000024   Code   RO         1182    i.tx_done_event     nrf_drv_uart.o
    0x00020824   0x0000005c   Code   RO           16    i.uart_event_handle  main.o
    0x00020880   0x000000a8   Code   RO          822    i.uart_event_handler  app_uart_fifo.o
    0x00020928   0x00000108   Code   RO         1183    i.uart_irq_handler  nrf_drv_uart.o
    0x00020a30   0x000000d8   Code   RO         1184    i.uarte_irq_handler  nrf_drv_uart.o
    0x00020b08   0x0000000a   Code   RO          498    i.uint16_encode     ble_advdata.o
    0x00020b12   0x00000004   Code   RO         2528    i.update            max30100.o
    0x00020b16   0x00000002   PAD
    0x00020b18   0x00000060   Code   RO          666    i.update_timeout_handler  ble_conn_params.o
    0x00020b78   0x00000044   Code   RO         1931    i.user_id_get       app_timer.o
    0x00020bbc   0x00000028   Code   RO         1932    i.user_op_alloc     app_timer.o
    0x00020be4   0x00000030   Code   RO          499    i.uuid_list_encode  ble_advdata.o
    0x00020c14   0x0000009e   Code   RO          500    i.uuid_list_sized_encode  ble_advdata.o
    0x00020cb2   0x0000000e   Code   RO          586    i.whitelist_has_entries  ble_advertising.o
    0x00020cc0   0x0000000c   Data   RO           18    .constdata          main.o
    0x00020ccc   0x0000003c   Data   RO          319    .constdata          bsp.o
    0x00020d08   0x00000004   Data   RO          669    .constdata          ble_conn_params.o
    0x00020d0c   0x00000010   Data   RO          736    .constdata          ble_nus.o
    0x00020d1c   0x00000020   Data   RO          824    .constdata          app_uart_fifo.o
    0x00020d3c   0x00000020   Data   RO         1186    .constdata          nrf_drv_uart.o
    0x00020d5c   0x00000008   Data   RO         1746    .constdata          app_button.o
    0x00020d64   0x00000004   PAD
    0x00020d68   0x00000038   Data   RO         3009    .constdata          m_wm.l(log.o)
    0x00020da0   0x00000008   Data   RO         3322    .constdata          m_wm.l(qnan.o)
    0x00020da8   0x00000020   Data   RO         3369    Region$$Table       anon$$obj.o


    Execution Region RW_IRAM1 (Base: 0x20001f00, Size: 0x00002908, Max: 0x00006100, ABSOLUTE, COMPRESSED[0x0000002c])

    Base Addr    Size         Type   Attr      Idx    E Section Name        Object

    0x20001f00   0x0000001e   Data   RW           19    .data               main.o
    0x20001f1e   0x00000002   PAD
    0x20001f20   0x00000018   Data   RW          320    .data               bsp.o
    0x20001f38   0x00000008   Data   RW          412    .data               bsp_btn_ble.o
    0x20001f40   0x00000004   Data   RW          456    .data               system_nrf52.o
    0x20001f44   0x0000001f   Data   RW          588    .data               ble_advertising.o
    0x20001f63   0x00000001   PAD
    0x20001f64   0x00000014   Data   RW          670    .data               ble_conn_params.o
    0x20001f78   0x00000008   Data   RW          825    .data               app_uart_fifo.o
    0x20001f80   0x00000024   Data   RW         1390    .data               pstorage.o
    0x20001fa4   0x00000014   Data   RW         1747    .data               app_button.o
    0x20001fb8   0x00000020   Data   RW         1933    .data               app_timer.o
    0x20001fd8   0x00000004   Data   RW         2177    .data               retarget.o
    0x20001fdc   0x00000014   Data   RW         2220    .data               softdevice_handler.o
    0x20001ff0   0x00000004   Data   RW         2529    .data               max30100.o
    0x20001ff4   0x00000014   Data   RW         2616    .data               max30100_beatdetector.o
    0x20002008   0x00000008   Data   RW         2674    .data               max30100_filters.o
    0x20002010   0x0000002c   Data   RW         2728    .data               max30100_pulseoximeter.o
    0x2000203c   0x0000003b   Data   RW         2818    .data               max30100_spo2calculator.o
    0x20002077   0x00000001   PAD
    0x20002078   0x00000004   Data   RW         2973    .data               timer.o
    0x2000207c   0x00000004   Data   RW         3348    .data               mc_w.l(errno.o)
    0x20002080   0x0000044a   Zero   RW           17    .bss                main.o
    0x200024ca   0x00000002   PAD
    0x200024cc   0x00000020   Zero   RW          315    .bss                bsp.o
    0x200024ec   0x00000020   Zero   RW          316    .bss                bsp.o
    0x2000250c   0x0000000c   Zero   RW          317    .bss                bsp.o
    0x20002518   0x00000020   Zero   RW          318    .bss                bsp.o
    0x20002538   0x00000103   Zero   RW          587    .bss                ble_advertising.o
    0x2000263b   0x00000001   PAD
    0x2000263c   0x00000020   Zero   RW          667    .bss                ble_conn_params.o
    0x2000265c   0x0000001c   Zero   RW          668    .bss                ble_conn_params.o
    0x20002678   0x00000020   Zero   RW          823    .bss                app_uart_fifo.o
    0x20002698   0x00000058   Zero   RW          991    .bss                nrf_drv_gpiote.o
    0x200026f0   0x00000020   Zero   RW         1185    .bss                nrf_drv_uart.o
    0x20002710   0x000000d8   Zero   RW         1388    .bss                pstorage.o
    0x200027e8   0x00000020   Zero   RW         1745    .bss                app_button.o
    0x20002808   0x00002000   Zero   RW          445    STACK               arm_startup_nrf52.o


==============================================================================

Image component sizes


      Code (inc. data)   RO Data    RW Data    ZI Data      Debug   Object Name

       332         34          8         20         32       9734   app_button.o
        52          8          0          0          0       2755   app_error.o
       118          0          0          0          0       4218   app_fifo.o
      1772        100          0         32          0      50071   app_timer.o
       428         44         32          8         32      10458   app_uart_fifo.o
        36         10       1024          0       8192        900   arm_startup_nrf52.o
      1540          0          0          0          0      19288   ble_advdata.o
       990         38          0         31        259       8220   ble_advertising.o
       444         56          4         20         60      13152   ble_conn_params.o
       640          6         16          0          0       5738   ble_nus.o
      1136        108         60         24        108      10037   bsp.o
       260         10          0          8          0       4693   bsp_btn_ble.o
      1378        238         12         30       1098     112914   main.o
       382        100          0          4          0       9547   max30100.o
       544         72          0         20          0       4788   max30100_beatdetector.o
        96         18          0          8          0       3022   max30100_filters.o
       678         94          0         44          0       6325   max30100_pulseoximeter.o
       272         30          0         59          0       2340   max30100_spo2calculator.o
       804         20          0          0          0      11105   maxiic.o
       608         22          0          0          0       7115   mpu6050.o
       678         20          0          0          0      12624   mpuiic.o
       144          0          0          0          0       1791   nrf_delay.o
        56          0          0          0          0      28507   nrf_drv_common.o
       994         92          0          0         88      23388   nrf_drv_gpiote.o
      1784        144         32          0         32      34859   nrf_drv_uart.o
        36          8          0         36        216      10125   pstorage.o
        14          0          0          4          0       2794   retarget.o
       294         38          0         20          0       9076   softdevice_handler.o
       600         40          0          4          0      28818   system_nrf52.o
       144         34          0          4          0       2028   timer.o

    ----------------------------------------------------------------------
     17292       1384       1224        380      10120     450430   Object Totals
         0          0         32          0          0          0   (incl. Generated)
        38          0          4          4          3          0   (incl. Padding)

    ----------------------------------------------------------------------

      Code (inc. data)   RO Data    RW Data    ZI Data      Debug   Library Member Name

       100         28          0          0          0        372   dunder.o
       964         92         56          0          0        316   log.o
       248          0          0          0          0        152   poly.o
         0          0          8          0          0          0   qnan.o
        86          0          0          0          0          0   __dczerorl2.o
         0          0          0          0          0          0   entry.o
         0          0          0          0          0          0   entry10a.o
         0          0          0          0          0          0   entry11a.o
         8          4          0          0          0          0   entry2.o
         4          0          0          0          0          0   entry5.o
         0          0          0          0          0          0   entry7b.o
         0          0          0          0          0          0   entry8b.o
         8          4          0          0          0          0   entry9a.o
        12          6          0          4          0         68   errno.o
        30          0          0          0          0          0   handlers.o
        36          8          0          0          0         68   init.o
         0          0          0          0          0          0   iusefp.o
        30          0          0          0          0         68   llshl.o
        36          0          0          0          0         68   llsshr.o
        32          0          0          0          0         68   llushr.o
        36          0          0          0          0         68   memcpya.o
        36          0          0          0          0        108   memseta.o
      2258         90          0          0          0        452   printfa.o
        44          0          0          0          0         80   uidiv.o
        98          0          0          0          0         92   uldiv.o
        48          0          0          0          0         68   cdcmple.o
        48          0          0          0          0         68   cdrcmple.o
        56          0          0          0          0         88   d2f.o
       334          0          0          0          0        148   dadd.o
       222          0          0          0          0        100   ddiv.o
       186          0          0          0          0        176   depilogue.o
        48          0          0          0          0         68   dfixul.o
        34          0          0          0          0         76   dflti.o
       228          0          0          0          0         96   dmul.o
        38          0          0          0          0         68   f2d.o
       110          0          0          0          0        168   fepilogue.o

    ----------------------------------------------------------------------
      5428        232         64          4          0       3104   Library Totals
        10          0          0          0          0          0   (incl. Padding)

    ----------------------------------------------------------------------

      Code (inc. data)   RO Data    RW Data    ZI Data      Debug   Library Name

      1312        120         64          0          0        840   m_wm.l
      2754        112          0          4          0       1140   mc_w.l
      1352          0          0          0          0       1124   mf_w.l

    ----------------------------------------------------------------------
      5428        232         64          4          0       3104   Library Totals

    ----------------------------------------------------------------------

==============================================================================


      Code (inc. data)   RO Data    RW Data    ZI Data      Debug   

     22720       1616       1288        384      10120     431874   Grand Totals
     22720       1616       1288         44      10120     431874   ELF Image Totals (compressed)
     22720       1616       1288         44          0          0   ROM Totals

==============================================================================

    Total RO  Size (Code + RO Data)                24008 (  23.45kB)
    Total RW  Size (RW Data + ZI Data)             10504 (  10.26kB)
    Total ROM Size (Code + RO Data + RW Data)      24052 (  23.49kB)

==============================================================================

